drivers/gpio/gpio-uclass.c:539:12:_gpio_get_value	32	static
drivers/gpio/gpio-uclass.c:1445:12:gpio_post_bind	0	static
drivers/gpio/gpio-uclass.c:816:12:get_function	48	static
drivers/gpio/gpio-uclass.c:58:12:gpio_to_device	48	static
drivers/gpio/gpio-uclass.c:475:12:check_reserved	32	static
drivers/gpio/gpio-uclass.c:1299:12:gpio_renumber	64	static
drivers/gpio/gpio-uclass.c:1347:12:gpio_pre_remove	48	static
drivers/gpio/gpio-uclass.c:1336:12:gpio_post_probe	32	static
drivers/gpio/gpio-uclass.c:115:5:dm_gpio_lookup_name	80	static
drivers/gpio/gpio-uclass.c:160:5:gpio_lookup_name	80	static
drivers/gpio/gpio-uclass.c:185:15:gpio_flags_xlate	0	static
drivers/gpio/gpio-uclass.c:213:5:gpio_xlate_offs_flags	32	static
drivers/gpio/gpio-uclass.c:338:5:gpio_hog_lookup_name	0	static
drivers/gpio/gpio-uclass.c:344:5:dm_gpio_request	64	static
drivers/gpio/gpio-uclass.c:370:12:dm_gpio_requestf	192	static
drivers/gpio/gpio-uclass.c:397:5:gpio_request	64	static
drivers/gpio/gpio-uclass.c:419:5:gpio_requestf	192	static
drivers/gpio/gpio-uclass.c:434:5:_dm_gpio_free	64	static
drivers/gpio/gpio-uclass.c:463:5:gpio_free	48	static
drivers/gpio/gpio-uclass.c:549:5:dm_gpio_get_value	32	static
drivers/gpio/gpio-uclass.c:560:5:dm_gpio_set_value	32	static
drivers/gpio/gpio-uclass.c:676:5:dm_gpio_clrset_flags	64	static
drivers/gpio/gpio-uclass.c:502:5:gpio_direction_input	48	static
drivers/gpio/gpio-uclass.c:523:5:gpio_direction_output	64	static
drivers/gpio/gpio-uclass.c:697:5:dm_gpio_set_dir_flags	0	static
drivers/gpio/gpio-uclass.c:1087:12:gpio_request_tail	80	static
drivers/gpio/gpio-uclass.c:1134:12:_gpio_request_by_name_nodev	176	static
drivers/gpio/gpio-uclass.c:703:5:dm_gpios_clrset_flags	64	static
drivers/gpio/gpio-uclass.c:718:5:dm_gpio_get_flags	80	static
drivers/gpio/gpio-uclass.c:764:5:gpio_get_value	48	static
drivers/gpio/gpio-uclass.c:785:5:gpio_set_value	64	static
drivers/gpio/gpio-uclass.c:796:13:gpio_get_bank_info	32	static
drivers/gpio/gpio-uclass.c:845:5:gpio_get_function	0	static
drivers/gpio/gpio-uclass.c:850:5:gpio_get_raw_function	0	static
drivers/gpio/gpio-uclass.c:855:5:gpio_get_status	96	static
drivers/gpio/gpio-uclass.c:921:5:gpio_claim_vector	64	static
drivers/gpio/gpio-uclass.c:952:5:gpio_get_values_as_int	48	static
drivers/gpio/gpio-uclass.c:972:5:dm_gpio_get_values_as_int	64	static
drivers/gpio/gpio-uclass.c:990:5:dm_gpio_get_values_as_int_base3	48	static
drivers/gpio/gpio-uclass.c:1148:5:gpio_request_by_name_nodev	0	static
drivers/gpio/gpio-uclass.c:1155:5:gpio_request_by_name	160	static
drivers/gpio/gpio-uclass.c:1169:5:gpio_request_by_line_name	64	static
drivers/gpio/gpio-uclass.c:1240:5:gpio_get_list_count	0	static
drivers/gpio/gpio-uclass.c:1276:5:dm_gpio_free	0	static
drivers/gpio/gpio-uclass.c:1282:5:gpio_free_list	64	static
drivers/gpio/gpio-uclass.c:1293:5:gpio_free_list_nodev	0	static
drivers/gpio/gpio-uclass.c:1202:5:gpio_request_list_by_name_nodev	96	static
drivers/gpio/gpio-uclass.c:1227:5:gpio_request_list_by_name	0	static
drivers/gpio/gpio-uclass.c:1324:5:gpio_get_number	32	static
drivers/gpio/gpio-uclass.c:1361:5:gpio_dev_request_index	112	static
drivers/gpio/gpio-uclass.c:1386:19:devm_gpiod_get_index	64	static
drivers/gpio/gpio-uclass.c:1424:19:devm_gpiod_get_index_optional	16	static
drivers/gpio/gpio-uclass.c:1437:6:devm_gpiod_put	0	static
