drivers/video/vidconsole-uclass.c:136:13:set_cursor_position	0	static
drivers/video/vidconsole-uclass.c:600:12:vidconsole_pre_probe	32	static
drivers/video/vidconsole-uclass.c:113:14:parsenum	48	static
drivers/video/vidconsole-uclass.c:612:12:vidconsole_post_probe	32	static
drivers/video/vidconsole-uclass.c:22:5:vidconsole_putc_xy	0	static
drivers/video/vidconsole-uclass.c:31:5:vidconsole_move_rows	0	static
drivers/video/vidconsole-uclass.c:41:5:vidconsole_set_row	0	static
drivers/video/vidconsole-uclass.c:84:13:vidconsole_newline	48	static
drivers/video/vidconsole-uclass.c:120:6:vidconsole_set_cursor_pos	32	static
drivers/video/vidconsole-uclass.c:454:5:vidconsole_put_char	64	static
drivers/video/vidconsole-uclass.c:514:13:vidconsole_putc	32	static
drivers/video/vidconsole-uclass.c:500:5:vidconsole_put_string	32	static
drivers/video/vidconsole-uclass.c:533:13:vidconsole_puts	32	static
drivers/video/vidconsole-uclass.c:567:5:vidconsole_get_font	0	static
drivers/video/vidconsole-uclass.c:555:6:vidconsole_list_fonts	64	static
drivers/video/vidconsole-uclass.c:578:5:vidconsole_get_font_size	32	static
drivers/video/vidconsole-uclass.c:589:5:vidconsole_select_font	0	static
drivers/video/vidconsole-uclass.c:671:6:vidconsole_position_cursor	48	static
drivers/video/vidconsole-uclass.c:659:5:vidconsole_clear_and_reset	32	static
