Archive member included to satisfy reference by file (symbol)

arch/arm/cpu/armv8/cpu.o      (--whole-archive)
arch/arm/cpu/armv8/generic_timer.o
                              (--whole-archive)
arch/arm/cpu/armv8/cache_v8.o
                              (--whole-archive)
arch/arm/cpu/armv8/cache.o    (--whole-archive)
arch/arm/cpu/armv8/exceptions.o
                              (--whole-archive)
arch/arm/cpu/armv8/exception_level.o
                              (--whole-archive)
arch/arm/cpu/armv8/tlb.o      (--whole-archive)
arch/arm/cpu/armv8/transition.o
                              (--whole-archive)
arch/arm/cpu/armv8/fwcall.o   (--whole-archive)
arch/arm/cpu/armv8/cpu-dt.o   (--whole-archive)
arch/arm/lib/crt0_64.o        (--whole-archive)
arch/arm/lib/setjmp_aarch64.o
                              (--whole-archive)
arch/arm/lib/relocate_64.o    (--whole-archive)
arch/arm/lib/bootm-fdt.o      (--whole-archive)
arch/arm/lib/bootm.o          (--whole-archive)
arch/arm/lib/image.o          (--whole-archive)
arch/arm/lib/zimage.o         (--whole-archive)
arch/arm/lib/bdinfo.o         (--whole-archive)
arch/arm/lib/sections.o       (--whole-archive)
arch/arm/lib/stack.o          (--whole-archive)
arch/arm/lib/interrupts_64.o  (--whole-archive)
arch/arm/lib/reset.o          (--whole-archive)
arch/arm/lib/cache.o          (--whole-archive)
arch/arm/lib/psci-dt.o        (--whole-archive)
arch/arm/mach-nf271x/init.o   (--whole-archive)
arch/arm/mach-nf271x/reset.o  (--whole-archive)
arch/arm/mach-nf271x/mbox.o   (--whole-archive)
arch/arm/mach-nf271x/msg.o    (--whole-archive)
arch/arm/mach-nf271x/phys2bus.o
                              (--whole-archive)
board/ngxxfus/myrpi4cp/myrpi4cp.o
                              (--whole-archive)
board/ngxxfus/myrpi4cp/lowlevel_init.o
                              (--whole-archive)
boot/bootm.o                  (--whole-archive)
boot/bootm_os.o               (--whole-archive)
boot/pxe_utils.o              (--whole-archive)
boot/image.o                  (--whole-archive)
boot/image-board.o            (--whole-archive)
boot/bootdev-uclass.o         (--whole-archive)
boot/bootflow.o               (--whole-archive)
boot/bootmeth-uclass.o        (--whole-archive)
boot/bootstd-uclass.o         (--whole-archive)
boot/bootmeth_extlinux.o      (--whole-archive)
boot/bootmeth_pxe.o           (--whole-archive)
boot/bootmeth_efi.o           (--whole-archive)
boot/image-fdt.o              (--whole-archive)
cmd/boot.o                    (--whole-archive)
cmd/bootm.o                   (--whole-archive)
cmd/help.o                    (--whole-archive)
cmd/panic.o                   (--whole-archive)
cmd/version.o                 (--whole-archive)
cmd/blk_common.o              (--whole-archive)
cmd/bootflow.o                (--whole-archive)
cmd/source.o                  (--whole-archive)
cmd/bdinfo.o                  (--whole-archive)
cmd/blkcache.o                (--whole-archive)
cmd/bootefi.o                 (--whole-archive)
cmd/bootz.o                   (--whole-archive)
cmd/booti.o                   (--whole-archive)
cmd/cls.o                     (--whole-archive)
cmd/console.o                 (--whole-archive)
cmd/dm.o                      (--whole-archive)
cmd/echo.o                    (--whole-archive)
cmd/eficonfig.o               (--whole-archive)
cmd/elf.o                     (--whole-archive)
cmd/exit.o                    (--whole-archive)
cmd/ext4.o                    (--whole-archive)
cmd/ext2.o                    (--whole-archive)
cmd/fat.o                     (--whole-archive)
cmd/fdt.o                     (--whole-archive)
cmd/fs.o                      (--whole-archive)
cmd/gpio.o                    (--whole-archive)
cmd/itest.o                   (--whole-archive)
cmd/load.o                    (--whole-archive)
cmd/mem.o                     (--whole-archive)
cmd/mii.o                     (--whole-archive)
cmd/mdio.o                    (--whole-archive)
cmd/sleep.o                   (--whole-archive)
cmd/mmc.o                     (--whole-archive)
cmd/net.o                     (--whole-archive)
cmd/part.o                    (--whole-archive)
cmd/pci.o                     (--whole-archive)
cmd/pinmux.o                  (--whole-archive)
cmd/pxe.o                     (--whole-archive)
cmd/setexpr.o                 (--whole-archive)
cmd/sysboot.o                 (--whole-archive)
cmd/test.o                    (--whole-archive)
cmd/unlz4.o                   (--whole-archive)
cmd/unzip.o                   (--whole-archive)
cmd/lzmadec.o                 (--whole-archive)
cmd/usb.o                     (--whole-archive)
cmd/disk.o                    (--whole-archive)
cmd/video.o                   (--whole-archive)
cmd/fs_uuid.o                 (--whole-archive)
cmd/ximg.o                    (--whole-archive)
cmd/dfu.o                     (--whole-archive)
cmd/nvedit.o                  (--whole-archive)
common/init/board_init.o      (--whole-archive)
[...]
Memory Configuration

Name             Origin             Length             Attributes
*default*        0x0000000000000000 0xffffffffffffffff

Linker script and memory map

Address of section .text set to 0x80000
                0x0000000000000000                . = 0x0
                0x0000000000000000                . = ALIGN (0x8)

.text           0x0000000000080000      0x120
 *(.__image_copy_start)
 .__image_copy_start
                0x0000000000080000        0x0 arch/arm/lib/sections.o
                0x0000000000080000                __image_copy_start
 arch/arm/cpu/armv8/start.o(.text*)
 .text          0x0000000000080000      0x120 arch/arm/cpu/armv8/start.o
                0x0000000000080000                _start
                0x0000000000080008                _TEXT_BASE
                0x0000000000080010                _end_ofs
                0x0000000000080018                _bss_start_ofs
                0x0000000000080020                _bss_end_ofs
                0x000000000008002c                save_boot_params_ret
                0x00000000000800a0                apply_core_errata
                0x00000000000800dc                lowlevel_init
                0x00000000000800e8                smp_kick_all_cpus
                0x00000000000800ec                c_runtime_cpu_setup

.efi_runtime    0x0000000000080120      0xaa0
                0x0000000000080120                __efi_runtime_start = .
 *(.text.efi_runtime*)
 .text.efi_runtime
                0x0000000000080120       0x90 arch/arm/mach-nf271x/reset.o
                0x0000000000080150                efi_reset_system
 .text.efi_runtime
                0x00000000000801b0      0x128 lib/efi_loader/efi_runtime.o
                0x00000000000801b4                efi_get_time
                0x00000000000801bc                efi_set_time
                0x00000000000801ec                efi_convert_pointer
                0x0000000000080284                efi_update_table_header_crc32
                0x00000000000802b8                efi_memcpy_runtime
 .text.efi_runtime_detach
                0x00000000000802d8       0x30 lib/efi_loader/efi_runtime.o
                0x00000000000802d8                efi_runtime_detach
 .text.efi_runtime_relocate
                0x0000000000080308      0x128 lib/efi_loader/efi_runtime.o
                0x0000000000080308                efi_runtime_relocate
 .text.efi_runtime
                0x0000000000080430       0x38 lib/efi_loader/efi_var_common.o
                0x0000000000080430                efi_get_variable_runtime
                0x0000000000080464                efi_get_next_variable_name_runtime
 .text.efi_runtime
                0x0000000000080468      0x524 lib/efi_loader/efi_var_mem.o
                0x0000000000080520                efi_var_mem_find
                0x0000000000080618                efi_get_next_variable_name_mem
                0x00000000000806f8                efi_get_variable_mem
                0x00000000000807b8                efi_var_mem_del
                0x0000000000080848                efi_var_mem_ins
                0x0000000000080970                efi_var_mem_free
 .text.efi_runtime
                0x000000000008098c       0x18 lib/efi_loader/efi_variable.o
                0x000000000008099c                efi_get_variable_int
                0x00000000000809a0                efi_get_next_variable_name_int
 .text.efi_runtime
                0x00000000000809a4       0x24 lib/charset.o
                0x00000000000809a4                u16_strnlen
 .text.efi_runtime
                0x00000000000809c8       0x40 lib/crc32.o
                0x00000000000809c8                crc32_no_comp
                0x00000000000809ec                crc32
 *(.rodata.efi_runtime*)
 .rodata.efi_runtime_relocate.str1.1
                0x0000000000080a08       0x4e lib/efi_loader/efi_runtime.o
 *(.data.efi_runtime*)
 *fill*         0x0000000000080a56        0x2 
 .data.efi_runtime
                0x0000000000080a58        0x8 arch/arm/mach-nf271x/reset.o
                0x0000000000080a58                wdog_regs
 .data.efi_runtime
                0x0000000000080a60       0xa0 lib/efi_loader/efi_boottime.o
                0x0000000000080a60                systab
                0x0000000000080af0                efi_events
 .data.efi_runtime
                0x0000000000080b00       0xa0 lib/efi_loader/efi_runtime.o
                0x0000000000080b00                efi_runtime_services
 .data.efi_runtime_mmio
                0x0000000000080ba0       0x10 lib/efi_loader/efi_runtime.o
 .data.efi_runtime
                0x0000000000080bb0       0x10 lib/efi_loader/efi_var_mem.o
                0x0000000000080bc0                __efi_runtime_stop = .

.text_rest      0x0000000000081000    0x6bd48
 *(.text*)
 .text.board_cleanup_before_linux
                0x0000000000081000        0x4 arch/arm/cpu/armv8/cpu.o
                0x0000000000081000                board_cleanup_before_linux
 .text.cleanup_before_linux
                0x0000000000081004       0x2c arch/arm/cpu/armv8/cpu.o
                0x0000000000081004                cleanup_before_linux
 .text.get_tbclk
                0x0000000000081030        0x8 arch/arm/cpu/armv8/generic_timer.o
                0x0000000000081030                get_tbclk
 .text.get_ticks
                0x0000000000081038       0x10 arch/arm/cpu/armv8/generic_timer.o
                0x0000000000081038                get_ticks
 .text.count_range
                0x0000000000081048       0xc0 arch/arm/cpu/armv8/cache_v8.o
 .text.create_table
                0x0000000000081108       0x70 arch/arm/cpu/armv8/cache_v8.o
 .text.map_range
                0x0000000000081178      0x110 arch/arm/cpu/armv8/cache_v8.o
 .text.get_tcr  0x0000000000081288      0x13c arch/arm/cpu/armv8/cache_v8.o
                0x0000000000081288                get_tcr
 .text.get_page_table_size
                0x00000000000813c4       0x9c arch/arm/cpu/armv8/cache_v8.o
                0x00000000000813c4                get_page_table_size
 .text.setup_pgtables
                0x0000000000081460       0xc8 arch/arm/cpu/armv8/cache_v8.o
                0x0000000000081460                setup_pgtables
 .text.setup_all_pgtables
                0x0000000000081528       0x5c arch/arm/cpu/armv8/cache_v8.o
 .text.mmu_setup
                0x0000000000081584       0xf0 arch/arm/cpu/armv8/cache_v8.o
                0x0000000000081584                mmu_setup
 .text.invalidate_dcache_all
                0x0000000000081674       0x14 arch/arm/cpu/armv8/cache_v8.o
                0x0000000000081674                invalidate_dcache_all
 .text.invalidate_dcache_range
                0x0000000000081688        0x4 arch/arm/cpu/armv8/cache_v8.o
                0x0000000000081688                invalidate_dcache_range
 .text.flush_dcache_range
                0x000000000008168c        0x4 arch/arm/cpu/armv8/cache_v8.o
                0x000000000008168c                flush_dcache_range
 .text.dcache_enable
                0x0000000000081690       0xb8 arch/arm/cpu/armv8/cache_v8.o
                0x0000000000081690                dcache_enable
 .text.dcache_disable
                0x0000000000081748       0x84 arch/arm/cpu/armv8/cache_v8.o
                0x0000000000081748                dcache_disable
 .text.dcache_status
                0x00000000000817cc       0x34 arch/arm/cpu/armv8/cache_v8.o
                0x00000000000817cc                dcache_status
 .text.icache_disable
                0x0000000000081800       0x68 arch/arm/cpu/armv8/cache_v8.o
                0x0000000000081800                icache_disable
 .text.invalidate_icache_all
                0x0000000000081868       0x14 arch/arm/cpu/armv8/cache_v8.o
                0x0000000000081868                invalidate_icache_all
 .text.icache_enable
                0x000000000008187c       0x74 arch/arm/cpu/armv8/cache_v8.o
                0x000000000008187c                icache_enable
 .text.enable_caches
                0x00000000000818f0       0x14 arch/arm/cpu/armv8/cache_v8.o
                0x00000000000818f0                enable_caches
 .text.__asm_dcache_level
                0x0000000000081904       0x5c arch/arm/cpu/armv8/cache.o
                0x0000000000081904                __asm_dcache_level
 .text.__asm_dcache_all
                0x0000000000081960       0x58 arch/arm/cpu/armv8/cache.o
                0x0000000000081960                __asm_dcache_all
 .text.__asm_flush_dcache_all
                0x00000000000819b8        0x8 arch/arm/cpu/armv8/cache.o
                0x00000000000819b8                __asm_flush_dcache_all
 .text.__asm_invalidate_dcache_all
                0x00000000000819c0        0x8 arch/arm/cpu/armv8/cache.o
                0x00000000000819c0                __asm_invalidate_dcache_all
 .text.__asm_flush_l3_dcache
                0x00000000000819c8        0x8 arch/arm/cpu/armv8/cache.o
                0x00000000000819c8                __asm_flush_l3_dcache
 .text.__asm_invalidate_l3_icache
                0x00000000000819d0        0x8 arch/arm/cpu/armv8/cache.o
                0x00000000000819d0                __asm_invalidate_l3_icache
 .text.__asm_flush_dcache_range
                0x00000000000819d8       0x30 arch/arm/cpu/armv8/cache.o
                0x00000000000819d8                __asm_flush_dcache_range
 .text.__asm_invalidate_dcache_range
                0x0000000000081a08       0x30 arch/arm/cpu/armv8/cache.o
                0x0000000000081a08                __asm_invalidate_dcache_range
 .text.__asm_invalidate_icache_all
                0x0000000000081a38        0xc arch/arm/cpu/armv8/cache.o
                0x0000000000081a38                __asm_invalidate_icache_all
 .text.__asm_invalidate_l3_dcache
                0x0000000000081a44        0x8 arch/arm/cpu/armv8/cache.o
                0x0000000000081a44                __asm_invalidate_l3_dcache
 *fill*         0x0000000000081a4c      0x5b4 
 .text          0x0000000000082000      0x390 arch/arm/cpu/armv8/exceptions.o
                0x0000000000082000                vectors
 .text.entry_non_secure
                0x0000000000082390       0x28 arch/arm/cpu/armv8/exception_level.o
 .text.switch_to_non_secure_mode
                0x00000000000823b8       0x54 arch/arm/cpu/armv8/exception_level.o
                0x00000000000823b8                switch_to_non_secure_mode
 .text.__asm_invalidate_tlb_all
                0x000000000008240c       0x44 arch/arm/cpu/armv8/tlb.o
                0x000000000008240c                __asm_invalidate_tlb_all
 .text.armv8_switch_to_el2
                0x0000000000082450       0xb0 arch/arm/cpu/armv8/transition.o
                0x0000000000082450                armv8_switch_to_el2
 .text.armv8_el2_to_aarch32
                0x0000000000082500        0x4 arch/arm/cpu/armv8/transition.o
                0x0000000000082500                armv8_el2_to_aarch32
 *fill*         0x0000000000082504        0x4 
 .text          0x0000000000082508       0x88 arch/arm/lib/crt0_64.o
                0x0000000000082508                _main
 .text.setjmp   0x0000000000082590       0x28 arch/arm/lib/setjmp_aarch64.o
                0x0000000000082590                setjmp
 .text.longjmp  0x00000000000825b8       0x2c arch/arm/lib/setjmp_aarch64.o
                0x00000000000825b8                longjmp
 .text          0x00000000000825e4       0xd0 arch/arm/lib/relocate_64.o
                0x00000000000825e4                relocate_code
 .text.arch_fixup_fdt
                0x00000000000826b4       0x4c arch/arm/lib/bootm-fdt.o
                0x00000000000826b4                arch_fixup_fdt
 .text.board_quiesce_devices
                0x0000000000082700        0x4 arch/arm/lib/bootm.o
                0x0000000000082700                board_quiesce_devices
 .text.board_prep_linux
                0x0000000000082704        0x4 arch/arm/lib/bootm.o
                0x0000000000082704                board_prep_linux
 .text.boot_prep_linux
                0x0000000000082708       0x58 arch/arm/lib/bootm.o
 .text.update_os_arch_secondary_cores
                0x0000000000082760        0x4 arch/arm/lib/bootm.o
                0x0000000000082760                update_os_arch_secondary_cores
 .text.boot_jump_linux
                0x0000000000082764       0xb8 arch/arm/lib/bootm.o
 .text.do_bootm_linux
                0x000000000008281c       0x6c arch/arm/lib/bootm.o
                0x000000000008281c                do_bootm_linux
 .text.boot_prep_vxworks
                0x0000000000082888       0x50 arch/arm/lib/bootm.o
                0x0000000000082888                boot_prep_vxworks
 .text.boot_jump_vxworks
                0x00000000000828d8       0x10 arch/arm/lib/bootm.o
                0x00000000000828d8                boot_jump_vxworks
 .text.booti_setup
                0x00000000000828e8       0xb8 arch/arm/lib/image.o
                0x00000000000828e8                booti_setup
 .text.bootz_setup
                0x00000000000829a0       0xb4 arch/arm/lib/zimage.o
                0x00000000000829a0                bootz_setup
 .text.arch_setup_bdinfo
                0x0000000000082a54        0x8 arch/arm/lib/bdinfo.o
                0x0000000000082a54                arch_setup_bdinfo
 .text.arch_print_bdinfo
                0x0000000000082a5c       0x64 arch/arm/lib/bdinfo.o
                0x0000000000082a5c                arch_print_bdinfo
 .text.arch_reserve_stacks
                0x0000000000082ac0       0x10 arch/arm/lib/stack.o
                0x0000000000082ac0                arch_reserve_stacks
 .text.arch_lmb_reserve
                0x0000000000082ad0       0x10 arch/arm/lib/stack.o
                0x0000000000082ad0                arch_lmb_reserve
 .text.show_efi_loaded_images.isra.0
                0x0000000000082ae0        0x4 arch/arm/lib/interrupts_64.o
 .text.interrupt_init
                0x0000000000082ae4        0x8 arch/arm/lib/interrupts_64.o
                0x0000000000082ae4                interrupt_init
 .text.enable_interrupts
                0x0000000000082aec        0x4 arch/arm/lib/interrupts_64.o
                0x0000000000082aec                enable_interrupts
 .text.disable_interrupts
                0x0000000000082af0        0x8 arch/arm/lib/interrupts_64.o
                0x0000000000082af0                disable_interrupts
 .text.show_regs
                0x0000000000082af8       0xf8 arch/arm/lib/interrupts_64.o
                0x0000000000082af8                show_regs
 .text.do_bad_sync
                0x0000000000082bf0       0x40 arch/arm/lib/interrupts_64.o
                0x0000000000082bf0                do_bad_sync
 .text.do_bad_irq
                0x0000000000082c30       0x40 arch/arm/lib/interrupts_64.o
                0x0000000000082c30                do_bad_irq
 .text.do_bad_fiq
                0x0000000000082c70       0x40 arch/arm/lib/interrupts_64.o
                0x0000000000082c70                do_bad_fiq
 .text.do_bad_error
                0x0000000000082cb0       0x40 arch/arm/lib/interrupts_64.o
                0x0000000000082cb0                do_bad_error
 .text.do_sync  0x0000000000082cf0       0x98 arch/arm/lib/interrupts_64.o
                0x0000000000082cf0                do_sync
 .text.do_irq   0x0000000000082d88       0x40 arch/arm/lib/interrupts_64.o
                0x0000000000082d88                do_irq
 .text.do_fiq   0x0000000000082dc8       0x40 arch/arm/lib/interrupts_64.o
                0x0000000000082dc8                do_fiq
 .text.do_error
                0x0000000000082e08       0x40 arch/arm/lib/interrupts_64.o
                0x0000000000082e08                do_error
 .text.reset_misc
                0x0000000000082e48        0x4 arch/arm/lib/reset.o
                0x0000000000082e48                reset_misc
 .text.do_reset
                0x0000000000082e4c       0x30 arch/arm/lib/reset.o
                0x0000000000082e4c                do_reset
 .text.flush_cache
                0x0000000000082e7c        0x8 arch/arm/lib/cache.o
                0x0000000000082e7c                flush_cache
 .text.arm_reserve_mmu
                0x0000000000082e84       0x4c arch/arm/lib/cache.o
                0x0000000000082e84                arm_reserve_mmu
 .text.arch_reserve_mmu
                0x0000000000082ed0        0x4 arch/arm/lib/cache.o
                0x0000000000082ed0                arch_reserve_mmu
 .text.arch_cpu_init
                0x0000000000082ed4       0x18 arch/arm/mach-nf271x/init.o
                0x0000000000082ed4                arch_cpu_init
 .text.mach_cpu_init
                0x0000000000082eec       0xd4 arch/arm/mach-nf271x/init.o
                0x0000000000082eec                mach_cpu_init
 .text.reset_cpu
                0x0000000000082fc0       0x48 arch/arm/mach-nf271x/reset.o
                0x0000000000082fc0                reset_cpu
 .text.efi_reset_system_init
                0x0000000000083008       0x58 arch/arm/mach-nf271x/reset.o
                0x0000000000083008                efi_reset_system_init
 .text.nf2711_mbox_call_raw
                0x0000000000083060      0x164 arch/arm/mach-nf271x/mbox.o
                0x0000000000083060                nf2711_mbox_call_raw
 .text.nf2711_mbox_call_prop
                0x00000000000831c4      0x100 arch/arm/mach-nf271x/mbox.o
                0x00000000000831c4                nf2711_mbox_call_prop
 .text.nf2711_power_on_module
                0x00000000000832c4       0x80 arch/arm/mach-nf271x/msg.o
                0x00000000000832c4                nf2711_power_on_module
 .text.nf2711_get_mmc_clock
                0x0000000000083344       0xdc arch/arm/mach-nf271x/msg.o
                0x0000000000083344                nf2711_get_mmc_clock
 .text.nf2711_notify_vl805_reset
                0x0000000000083420       0xa8 arch/arm/mach-nf271x/msg.o
                0x0000000000083420                nf2711_notify_vl805_reset
 .text.phys_to_bus
                0x00000000000834c8        0x8 arch/arm/mach-nf271x/phys2bus.o
                0x00000000000834c8                phys_to_bus
 .text.dram_init
                0x00000000000834d0       0x88 board/ngxxfus/myrpi4cp/myrpi4cp.o
                0x00000000000834d0                dram_init
 .text.dram_init_banksize
                0x0000000000083558       0x20 board/ngxxfus/myrpi4cp/myrpi4cp.o
                0x0000000000083558                dram_init_banksize
 .text.board_get_usable_ram_top
                0x0000000000083578       0x2c board/ngxxfus/myrpi4cp/myrpi4cp.o
                0x0000000000083578                board_get_usable_ram_top
 .text.misc_init_r
                0x00000000000835a4      0x264 board/ngxxfus/myrpi4cp/myrpi4cp.o
                0x00000000000835a4                misc_init_r
 .text.board_init
                0x0000000000083808      0x124 board/ngxxfus/myrpi4cp/myrpi4cp.o
                0x0000000000083808                board_init
 .text.board_fdt_blob_setup
                0x000000000008392c       0x30 board/ngxxfus/myrpi4cp/myrpi4cp.o
                0x000000000008392c                board_fdt_blob_setup
 .text.copy_property
                0x000000000008395c       0x98 board/ngxxfus/myrpi4cp/myrpi4cp.o
                0x000000000008395c                copy_property
 .text.update_fdt_from_fw
                0x00000000000839f4      0x10c board/ngxxfus/myrpi4cp/myrpi4cp.o
                0x00000000000839f4                update_fdt_from_fw
 .text.ft_board_setup
                0x0000000000083b00       0x5c board/ngxxfus/myrpi4cp/myrpi4cp.o
                0x0000000000083b00                ft_board_setup
 .text          0x0000000000083b5c        0xc board/ngxxfus/myrpi4cp/lowlevel_init.o
                0x0000000000083b5c                save_boot_params
 .text.bootm_find_images
                0x0000000000083b68      0x17c boot/bootm.o
                0x0000000000083b68                bootm_find_images
 .text.bootm_disable_interrupts
                0x0000000000083ce4       0x28 boot/bootm.o
                0x0000000000083ce4                bootm_disable_interrupts
 .text.do_bootm_states
                0x0000000000083d0c      0x710 boot/bootm.o
                0x0000000000083d0c                do_bootm_states
 .text.do_bootm_vxworks
                0x000000000008441c      0x200 boot/bootm_os.o
                0x000000000008441c                do_bootm_vxworks
 .text.copy_args
                0x000000000008461c       0x6c boot/bootm_os.o
 .text.do_bootm_plan9
                0x0000000000084688       0xac boot/bootm_os.o
 .text.do_bootm_netbsd
                0x0000000000084734      0x120 boot/bootm_os.o
 .text.do_bootm_qnxelf
                0x0000000000084854       0x7c boot/bootm_os.o
 .text.do_bootm_standalone
                0x00000000000848d0       0x5c boot/bootm_os.o
 .text.do_bootm_rtems
                0x000000000008492c       0x48 boot/bootm_os.o
 .text.arch_preboot_os
                0x0000000000084974        0x4 boot/bootm_os.o
                0x0000000000084974                arch_preboot_os
 .text.board_preboot_os
                0x0000000000084978        0x4 boot/bootm_os.o
                0x0000000000084978                board_preboot_os
 .text.boot_selected_os
                0x000000000008497c       0x74 boot/bootm_os.o
                0x000000000008497c                boot_selected_os
 .text.bootm_os_get_boot_func
                0x00000000000849f0       0x10 boot/bootm_os.o
                0x00000000000849f0                bootm_os_get_boot_func
 .text.eol_or_eof
                0x0000000000084a00       0x24 boot/pxe_utils.o
 .text.label_print
                0x0000000000084a24       0x1c boot/pxe_utils.o
 .text.get_relfile
                0x0000000000084a40      0x108 boot/pxe_utils.o
 .text.get_relfile_envaddr
                0x0000000000084b48       0x6c boot/pxe_utils.o
 .text.label_destroy
                0x0000000000084bb4       0x68 boot/pxe_utils.o
 .text.get_string.constprop.0.isra.0
                0x0000000000084c1c       0xdc boot/pxe_utils.o
 .text.get_token
                0x0000000000084cf8      0x14c boot/pxe_utils.o
 .text.parse_sliteral
                0x0000000000084e44       0x6c boot/pxe_utils.o
 .text.parse_integer
                0x0000000000084eb0       0x88 boot/pxe_utils.o
 .text.pxe_get_file_size
                0x0000000000084f38       0x4c boot/pxe_utils.o
                0x0000000000084f38                pxe_get_file_size
 .text.format_mac_pxe
                0x0000000000084f84       0x88 boot/pxe_utils.o
                0x0000000000084f84                format_mac_pxe
 .text.label_boot
                0x000000000008500c      0x924 boot/pxe_utils.o
 .text.get_pxe_file
                0x0000000000085930       0x34 boot/pxe_utils.o
                0x0000000000085930                get_pxe_file
 .text.handle_include
                0x0000000000085964       0xd4 boot/pxe_utils.o
 .text.parse_pxefile_top
                0x0000000000085a38      0x474 boot/pxe_utils.o
 .text.get_pxelinux_path
                0x0000000000085eac       0xa0 boot/pxe_utils.o
                0x0000000000085eac                get_pxelinux_path
 .text.destroy_pxe_menu
                0x0000000000085f4c       0x60 boot/pxe_utils.o
                0x0000000000085f4c                destroy_pxe_menu
 .text.parse_pxefile
                0x0000000000085fac       0x78 boot/pxe_utils.o
                0x0000000000085fac                parse_pxefile
 .text.handle_pxe_menu
                0x0000000000086024      0x1e8 boot/pxe_utils.o
                0x0000000000086024                handle_pxe_menu
 .text.pxe_setup_ctx
                0x000000000008620c       0xd8 boot/pxe_utils.o
                0x000000000008620c                pxe_setup_ctx
 .text.pxe_destroy_ctx
                0x00000000000862e4        0x8 boot/pxe_utils.o
                0x00000000000862e4                pxe_destroy_ctx
 .text.pxe_process
                0x00000000000862ec       0x6c boot/pxe_utils.o
                0x00000000000862ec                pxe_process
 .text.image_check_hcrc
                0x0000000000086358       0x50 boot/image.o
                0x0000000000086358                image_check_hcrc
 .text.image_check_dcrc
                0x00000000000863a8       0x44 boot/image.o
                0x00000000000863a8                image_check_dcrc
 .text.image_multi_count
                0x00000000000863ec       0x20 boot/image.o
                0x00000000000863ec                image_multi_count
 .text.image_multi_getimg
                0x000000000008640c       0x84 boot/image.o
                0x000000000008640c                image_multi_getimg
 .text.image_decomp_type
                0x0000000000086490       0x60 boot/image.o
                0x0000000000086490                image_decomp_type
 .text.get_table_entry
                0x00000000000864f0       0x20 boot/image.o
                0x00000000000864f0                get_table_entry
 .text.get_table_entry_name
                0x0000000000086510       0x28 boot/image.o
                0x0000000000086510                get_table_entry_name
 .text.genimg_get_os_name
                0x0000000000086538       0x18 boot/image.o
                0x0000000000086538                genimg_get_os_name
 .text.genimg_get_arch_name
                0x0000000000086550       0x18 boot/image.o
                0x0000000000086550                genimg_get_arch_name
 .text.genimg_get_type_name
                0x0000000000086568       0x18 boot/image.o
                0x0000000000086568                genimg_get_type_name
 .text.image_decomp
                0x0000000000086580      0x16c boot/image.o
                0x0000000000086580                image_decomp
 .text.genimg_get_comp_name
                0x00000000000866ec       0x18 boot/image.o
                0x00000000000866ec                genimg_get_comp_name
 .text.image_print_contents
                0x0000000000086704      0x1c4 boot/image.o
                0x0000000000086704                image_print_contents
 .text.on_loadaddr
                0x00000000000868c8       0x38 boot/image-board.o
 .text.env_get_bootm_low
                0x0000000000086900       0x2c boot/image-board.o
                0x0000000000086900                env_get_bootm_low
 .text.env_get_bootm_size
                0x000000000008692c       0x88 boot/image-board.o
                0x000000000008692c                env_get_bootm_size
 .text.env_get_bootm_mapsize
                0x00000000000869b4       0x30 boot/image-board.o
                0x00000000000869b4                env_get_bootm_mapsize
 .text.memmove_wd
                0x00000000000869e4       0x10 boot/image-board.o
                0x00000000000869e4                memmove_wd
 .text.genimg_get_kernel_addr_fit
                0x00000000000869f4       0x18 boot/image-board.o
                0x00000000000869f4                genimg_get_kernel_addr_fit
 .text.genimg_get_kernel_addr
                0x0000000000086a0c       0x14 boot/image-board.o
                0x0000000000086a0c                genimg_get_kernel_addr
 .text.genimg_get_format
                0x0000000000086a20       0x3c boot/image-board.o
                0x0000000000086a20                genimg_get_format
 .text.genimg_has_config
                0x0000000000086a5c        0x8 boot/image-board.o
                0x0000000000086a5c                genimg_has_config
 .text.boot_get_ramdisk
                0x0000000000086a64      0x214 boot/image-board.o
                0x0000000000086a64                boot_get_ramdisk
 .text.boot_ramdisk_high
                0x0000000000086c78      0x118 boot/image-board.o
                0x0000000000086c78                boot_ramdisk_high
 .text.boot_get_setup
                0x0000000000086d90        0x8 boot/image-board.o
                0x0000000000086d90                boot_get_setup
 .text.image_setup_linux
                0x0000000000086d98       0x60 boot/image-board.o
                0x0000000000086d98                image_setup_linux
 .text.genimg_print_size
                0x0000000000086df8       0x38 boot/image-board.o
                0x0000000000086df8                genimg_print_size
 .text.image_locate_script
                0x0000000000086e30      0x110 boot/image-board.o
                0x0000000000086e30                image_locate_script
 .text.bootdev_post_bind
                0x0000000000086f40       0x1c boot/bootdev-uclass.o
 .text.bootdev_get_suffix_start
                0x0000000000086f5c       0x78 boot/bootdev-uclass.o
 .text.bootdev_hunt_drv
                0x0000000000086fd4       0xac boot/bootdev-uclass.o
 .text.bootdev_add_bootflow
                0x0000000000087080       0x94 boot/bootdev-uclass.o
                0x0000000000087080                bootdev_add_bootflow
 .text.bootdev_bind
                0x0000000000087114       0x8c boot/bootdev-uclass.o
                0x0000000000087114                bootdev_bind
 .text.bootdev_find_in_blk
                0x00000000000871a0      0x1b4 boot/bootdev-uclass.o
                0x00000000000871a0                bootdev_find_in_blk
 .text.bootdev_setup_for_dev
                0x0000000000087354       0x50 boot/bootdev-uclass.o
                0x0000000000087354                bootdev_setup_for_dev
 .text.bootdev_setup_sibling_blk
                0x00000000000873a4       0xbc boot/bootdev-uclass.o
                0x00000000000873a4                bootdev_setup_sibling_blk
 .text.bootdev_get_sibling_blk
                0x0000000000087460       0xb8 boot/bootdev-uclass.o
                0x0000000000087460                bootdev_get_sibling_blk
 .text.bootdev_find_by_label
                0x0000000000087518      0x200 boot/bootdev-uclass.o
                0x0000000000087518                bootdev_find_by_label
 .text.bootdev_get_bootflow
                0x0000000000087718       0xa8 boot/bootdev-uclass.o
                0x0000000000087718                bootdev_get_bootflow
 .text.bootdev_clear_bootflows
                0x00000000000877c0       0x34 boot/bootdev-uclass.o
                0x00000000000877c0                bootdev_clear_bootflows
 .text.bootdev_pre_unbind
                0x00000000000877f4       0x18 boot/bootdev-uclass.o
 .text.bootdev_hunt
                0x000000000008780c      0x120 boot/bootdev-uclass.o
                0x000000000008780c                bootdev_hunt
 .text.bootdev_hunt_and_find_by_label
                0x000000000008792c       0x54 boot/bootdev-uclass.o
                0x000000000008792c                bootdev_hunt_and_find_by_label
 .text.bootdev_next_label
                0x0000000000087980       0xb8 boot/bootdev-uclass.o
                0x0000000000087980                bootdev_next_label
 .text.bootdev_hunt_prio
                0x0000000000087a38       0xb0 boot/bootdev-uclass.o
                0x0000000000087a38                bootdev_hunt_prio
 .text.bootdev_next_prio
                0x0000000000087ae8       0xc0 boot/bootdev-uclass.o
                0x0000000000087ae8                bootdev_next_prio
 .text.bootdev_setup_iter
                0x0000000000087ba8      0x104 boot/bootdev-uclass.o
                0x0000000000087ba8                bootdev_setup_iter
 .text.bootflow_check
                0x0000000000087cac       0x58 boot/bootflow.o
 .text.bootflow_iter_init
                0x0000000000087d04       0x40 boot/bootflow.o
                0x0000000000087d04                bootflow_iter_init
 .text.bootflow_iter_uninit
                0x0000000000087d44        0x8 boot/bootflow.o
                0x0000000000087d44                bootflow_iter_uninit
 .text.bootflow_scan_next
                0x0000000000087d4c      0x188 boot/bootflow.o
                0x0000000000087d4c                bootflow_scan_next
 .text.bootflow_scan_first
                0x0000000000087ed4       0xf0 boot/bootflow.o
                0x0000000000087ed4                bootflow_scan_first
 .text.bootflow_init
                0x0000000000087fc4       0x44 boot/bootflow.o
                0x0000000000087fc4                bootflow_init
 .text.bootflow_free
                0x0000000000088008       0x48 boot/bootflow.o
                0x0000000000088008                bootflow_free
 .text.bootflow_remove
                0x0000000000088050       0x50 boot/bootflow.o
                0x0000000000088050                bootflow_remove
 .text.bootflow_boot
                0x00000000000880a0       0x3c boot/bootflow.o
                0x00000000000880a0                bootflow_boot
 .text.bootflow_run_boot
                0x00000000000880dc       0x64 boot/bootflow.o
                0x00000000000880dc                bootflow_run_boot
 .text.bootflow_iter_check_blk
                0x0000000000088140       0x3c boot/bootflow.o
                0x0000000000088140                bootflow_iter_check_blk
 .text.bootflow_iter_check_net
                0x000000000008817c       0x28 boot/bootflow.o
                0x000000000008817c                bootflow_iter_check_net
 .text.setup_fs
                0x00000000000881a4       0x1c boot/bootmeth-uclass.o
 .text.alloc_file
                0x00000000000881c0       0x90 boot/bootmeth-uclass.o
 .text.bootmeth_check
                0x0000000000088250       0x20 boot/bootmeth-uclass.o
                0x0000000000088250                bootmeth_check
 .text.bootmeth_read_bootflow
                0x0000000000088270       0x20 boot/bootmeth-uclass.o
                0x0000000000088270                bootmeth_read_bootflow
 .text.bootmeth_boot
                0x0000000000088290       0x20 boot/bootmeth-uclass.o
                0x0000000000088290                bootmeth_boot
 .text.bootmeth_read_file
                0x00000000000882b0       0x20 boot/bootmeth-uclass.o
                0x00000000000882b0                bootmeth_read_file
 .text.bootmeth_get_bootflow
                0x00000000000882d0       0x6c boot/bootmeth-uclass.o
                0x00000000000882d0                bootmeth_get_bootflow
 .text.bootmeth_setup_iter_order
                0x000000000008833c      0x140 boot/bootmeth-uclass.o
                0x000000000008833c                bootmeth_setup_iter_order
 .text.bootmeth_try_file
                0x000000000008847c       0xac boot/bootmeth-uclass.o
                0x000000000008847c                bootmeth_try_file
 .text.bootmeth_alloc_file
                0x0000000000088528       0x54 boot/bootmeth-uclass.o
                0x0000000000088528                bootmeth_alloc_file
 .text.bootmeth_common_read_file
                0x000000000008857c       0xb8 boot/bootmeth-uclass.o
                0x000000000008857c                bootmeth_common_read_file
 .text.bootstd_of_to_plat
                0x0000000000088634       0x18 boot/bootstd-uclass.o
 .text.bootstd_probe
                0x000000000008864c       0x20 boot/bootstd-uclass.o
 .text.bootstd_remove
                0x000000000008866c       0x50 boot/bootstd-uclass.o
 .text.bootstd_get_bootdev_order
                0x00000000000886bc       0x74 boot/bootstd-uclass.o
                0x00000000000886bc                bootstd_get_bootdev_order
 .text.bootstd_get_prefixes
                0x0000000000088730       0x24 boot/bootstd-uclass.o
                0x0000000000088730                bootstd_get_prefixes
 .text.bootstd_get_priv
                0x0000000000088754       0x40 boot/bootstd-uclass.o
                0x0000000000088754                bootstd_get_priv
 .text.bootstd_clear_glob
                0x0000000000088794       0x44 boot/bootstd-uclass.o
                0x0000000000088794                bootstd_clear_glob
 .text.dm_scan_other
                0x00000000000887d8      0x118 boot/bootstd-uclass.o
                0x00000000000887d8                dm_scan_other
 .text.extlinux_get_state_desc
                0x00000000000888f0        0x8 boot/bootmeth_extlinux.o
 .text.extlinux_boot
                0x00000000000888f8       0x74 boot/bootmeth_extlinux.o
 .text.extlinux_getfile
                0x000000000008896c       0x58 boot/bootmeth_extlinux.o
 .text.extlinux_bootmeth_bind
                0x00000000000889c4       0x24 boot/bootmeth_extlinux.o
 .text.extlinux_read_bootflow
                0x00000000000889e8      0x154 boot/bootmeth_extlinux.o
 .text.extlinux_check
                0x0000000000088b3c        0x8 boot/bootmeth_extlinux.o
 .text.extlinux_pxe_boot
                0x0000000000088b44       0x88 boot/bootmeth_pxe.o
 .text.extlinux_pxe_getfile
                0x0000000000088bcc       0x50 boot/bootmeth_pxe.o
 .text.extlinux_pxe_read_file
                0x0000000000088c1c       0xb0 boot/bootmeth_pxe.o
 .text.extlinux_pxe_read_bootflow
                0x0000000000088ccc      0x130 boot/bootmeth_pxe.o
 .text.extlinux_bootmeth_pxe_bind
                0x0000000000088dfc       0x24 boot/bootmeth_pxe.o
 .text.extlinux_pxe_check
                0x0000000000088e20       0x38 boot/bootmeth_pxe.o
 .text.distro_bootmeth_efi_bind
                0x0000000000088e58       0x24 boot/bootmeth_efi.o
 .text.distro_efi_boot
                0x0000000000088e7c      0x144 boot/bootmeth_efi.o
                0x0000000000088e7c                distro_efi_boot
 .text.distro_efi_check
                0x0000000000088fc0       0x48 boot/bootmeth_efi.o
 .text.distro_efi_get_fdt_name.constprop.0
                0x0000000000089008       0x80 boot/bootmeth_efi.o
 .text.distro_efi_read_bootflow_net
                0x0000000000089088      0x1c8 boot/bootmeth_efi.o
 .text.distro_efi_read_bootflow_file
                0x0000000000089250      0x184 boot/bootmeth_efi.o
 .text.distro_efi_read_bootflow
                0x00000000000893d4       0x4c boot/bootmeth_efi.o
 .text.fdt_error
                0x0000000000089420       0x38 boot/image-fdt.o
 .text.boot_fdt_reserve_region
                0x0000000000089458       0x64 boot/image-fdt.o
 .text.boot_fdt_add_mem_rsv_regions
                0x00000000000894bc      0x128 boot/image-fdt.o
                0x00000000000894bc                boot_fdt_add_mem_rsv_regions
 .text.boot_relocate_fdt
                0x00000000000895e4      0x210 boot/image-fdt.o
                0x00000000000895e4                boot_relocate_fdt
 .text.boot_get_fdt
                0x00000000000897f4      0x274 boot/image-fdt.o
                0x00000000000897f4                boot_get_fdt
 .text.ft_verify_fdt
                0x0000000000089a68        0x8 boot/image-fdt.o
                0x0000000000089a68                ft_verify_fdt
 .text.image_setup_libfdt
                0x0000000000089a70      0x1e0 boot/image-fdt.o
                0x0000000000089a70                image_setup_libfdt
 .text.do_go_exec
                0x0000000000089c50       0x14 cmd/boot.o
                0x0000000000089c50                do_go_exec
 .text.do_go    0x0000000000089c64       0x88 cmd/boot.o
 .text.do_bootm
                0x0000000000089cec      0x108 cmd/bootm.o
                0x0000000000089cec                do_bootm
 .text.do_bootd
                0x0000000000089df4       0x2c cmd/bootm.o
                0x0000000000089df4                do_bootd
 .text.image_info
                0x0000000000089e20       0xd0 cmd/bootm.o
 .text.do_iminfo
                0x0000000000089ef0       0x78 cmd/bootm.o
 .text.bootm_maybe_autostart
                0x0000000000089f68       0x5c cmd/bootm.o
                0x0000000000089f68                bootm_maybe_autostart
 .text.do_help  0x0000000000089fc4       0x4c cmd/help.o
 .text.do_panic
                0x000000000008a010       0x24 cmd/panic.o
 .text.do_version
                0x000000000008a034       0x40 cmd/version.o
 .text.blk_common_cmd
                0x000000000008a074      0x2f4 cmd/blk_common.o
                0x000000000008a074                blk_common_cmd
 .text.complete_bootflow
                0x000000000008a368       0x24 cmd/bootflow.o
 .text.do_bootflow_scan
                0x000000000008a38c       0xf0 cmd/bootflow.o
 .text.do_bootflow
                0x000000000008a47c       0xb4 cmd/bootflow.o
 .text.do_source
                0x000000000008a530       0x54 cmd/source.o
 .text.bdinfo_print_num_l
                0x000000000008a584       0x18 cmd/bdinfo.o
                0x000000000008a584                bdinfo_print_num_l
 .text.bdinfo_print_num_ll
                0x000000000008a59c       0x18 cmd/bdinfo.o
                0x000000000008a59c                bdinfo_print_num_ll
 .text.do_bdinfo
                0x000000000008a5b4      0x318 cmd/bdinfo.o
                0x000000000008a5b4                do_bdinfo
 .text.do_blkcache
                0x000000000008a8cc       0x84 cmd/blkcache.o
 .text.blkc_configure
                0x000000000008a950       0x78 cmd/blkcache.o
 .text.blkc_show
                0x000000000008a9c8       0x34 cmd/blkcache.o
 .text.efi_clear_bootdev
                0x000000000008a9fc       0x48 cmd/bootefi.o
 .text.do_bootefi_exec
                0x000000000008aa44       0xc8 cmd/bootefi.o
 .text.efi_get_image_parameters
                0x000000000008ab0c       0x1c cmd/bootefi.o
                0x000000000008ab0c                efi_get_image_parameters
 .text.efi_set_bootdev
                0x000000000008ab28       0xe4 cmd/bootefi.o
                0x000000000008ab28                efi_set_bootdev
 .text.efi_install_fdt
                0x000000000008ac0c      0x24c cmd/bootefi.o
                0x000000000008ac0c                efi_install_fdt
 .text.efi_run_image
                0x000000000008ae58      0x1a0 cmd/bootefi.o
                0x000000000008ae58                efi_run_image
 .text.do_bootefi
                0x000000000008aff8      0x1b0 cmd/bootefi.o
 .text.do_bootz
                0x000000000008b1a8      0x104 cmd/bootz.o
                0x000000000008b1a8                do_bootz
 .text.do_booti
                0x000000000008b2ac      0x218 cmd/booti.o
                0x000000000008b2ac                do_booti
 .text.do_video_clear
                0x000000000008b4c4       0x20 cmd/cls.o
 .text.do_coninfo
                0x000000000008b4e4       0xf4 cmd/console.o
 .text.do_dm_dump_devres
                0x000000000008b5d8        0x8 cmd/dm.o
 .text.complete_dm
                0x000000000008b5e0       0x24 cmd/dm.o
 .text.do_dm_dump_uclass
                0x000000000008b604       0x18 cmd/dm.o
 .text.do_dm_dump_tree
                0x000000000008b61c       0x40 cmd/dm.o
 .text.do_dm_dump_static_driver_info
                0x000000000008b65c       0x18 cmd/dm.o
 .text.do_dm_dump_drivers
                0x000000000008b674       0x18 cmd/dm.o
 .text.do_dm_dump_driver_compat
                0x000000000008b68c       0x18 cmd/dm.o
 .text.do_dm    0x000000000008b6a4       0xb4 cmd/dm.o
 .text.do_echo  0x000000000008b758       0x94 cmd/echo.o
 .text.eficonfig_process_quit
                0x000000000008b7ec        0xc cmd/eficonfig.o
                0x000000000008b7ec                eficonfig_process_quit
 .text.eficonfig_volume_selected
                0x000000000008b7f8       0x20 cmd/eficonfig.o
 .text.eficonfig_process_clear_file_selection
                0x000000000008b818       0x1c cmd/eficonfig.o
                0x000000000008b818                eficonfig_process_clear_file_selection
 .text.eficonfig_process_boot_selected
                0x000000000008b834       0x18 cmd/eficonfig.o
 .text.eficonfig_print_entry
                0x000000000008b84c       0xa4 cmd/eficonfig.o
                0x000000000008b84c                eficonfig_print_entry
 .text.eficonfig_print_change_boot_order_entry
                0x000000000008b8f0       0xe0 cmd/eficonfig.o
 .text.eficonfig_display_statusline
                0x000000000008b9d0       0x64 cmd/eficonfig.o
                0x000000000008b9d0                eficonfig_display_statusline
 .text.sort_file
                0x000000000008ba34       0x14 cmd/eficonfig.o
 .text.delete_boot_option
                0x000000000008ba48      0x114 cmd/eficonfig.o
 .text.eficonfig_process_save_boot_order
                0x000000000008bb5c      0x11c cmd/eficonfig.o
 .text.handle_user_input
                0x000000000008bc78       0xc4 cmd/eficonfig.o
 .text.eficonfig_boot_add_optional_data
                0x000000000008bd3c       0x18 cmd/eficonfig.o
 .text.eficonfig_boot_add_enter_description
                0x000000000008bd54       0x18 cmd/eficonfig.o
 .text.eficonfig_menu_adjust
                0x000000000008bd6c       0x60 cmd/eficonfig.o
 .text.eficonfig_choice_entry
                0x000000000008bdcc       0xcc cmd/eficonfig.o
                0x000000000008bdcc                eficonfig_choice_entry
 .text.eficonfig_choice_change_boot_order
                0x000000000008be98      0x26c cmd/eficonfig.o
                0x000000000008be98                eficonfig_choice_change_boot_order
 .text.fill_file_info.constprop.0
                0x000000000008c104       0x6c cmd/eficonfig.o
 .text.eficonfig_print_msg
                0x000000000008c170       0x44 cmd/eficonfig.o
                0x000000000008c170                eficonfig_print_msg
 .text.eficonfig_file_selected
                0x000000000008c1b4      0x1c0 cmd/eficonfig.o
 .text.eficonfig_boot_edit_save
                0x000000000008c374       0x70 cmd/eficonfig.o
 .text.eficonfig_destroy
                0x000000000008c3e4       0x84 cmd/eficonfig.o
                0x000000000008c3e4                eficonfig_destroy
 .text.eficonfig_append_menu_entry
                0x000000000008c468       0xb8 cmd/eficonfig.o
                0x000000000008c468                eficonfig_append_menu_entry
 .text.eficonfig_add_boot_selection_entry
                0x000000000008c520      0x198 cmd/eficonfig.o
 .text.eficonfig_add_change_boot_order_entry
                0x000000000008c6b8      0x150 cmd/eficonfig.o
 .text.create_boot_option_entry
                0x000000000008c808       0xbc cmd/eficonfig.o
 .text.prepare_file_selection_entry
                0x000000000008c8c4      0x174 cmd/eficonfig.o
 .text.eficonfig_append_quit_entry
                0x000000000008ca38       0x68 cmd/eficonfig.o
                0x000000000008ca38                eficonfig_append_quit_entry
 .text.eficonfig_create_fixed_menu
                0x000000000008caa0       0xa4 cmd/eficonfig.o
                0x000000000008caa0                eficonfig_create_fixed_menu
 .text.eficonfig_process_common
                0x000000000008cb44      0x190 cmd/eficonfig.o
                0x000000000008cb44                eficonfig_process_common
 .text.eficonfig_process_show_file_option
                0x000000000008ccd4       0x94 cmd/eficonfig.o
                0x000000000008ccd4                eficonfig_process_show_file_option
 .text.eficonfig_process_select_file
                0x000000000008cd68      0x744 cmd/eficonfig.o
                0x000000000008cd68                eficonfig_process_select_file
 .text.eficonfig_show_boot_selection
                0x000000000008d4ac      0x1e0 cmd/eficonfig.o
 .text.eficonfig_process_delete_boot_option
                0x000000000008d68c       0x3c cmd/eficonfig.o
 .text.eficonfig_process_change_boot_order
                0x000000000008d6c8      0x2c8 cmd/eficonfig.o
 .text.eficonfig_create_device_path
                0x000000000008d990       0xa0 cmd/eficonfig.o
                0x000000000008d990                eficonfig_create_device_path
 .text.eficonfig_edit_boot_option
                0x000000000008da30      0x47c cmd/eficonfig.o
 .text.eficonfig_process_edit_boot_option
                0x000000000008deac      0x12c cmd/eficonfig.o
 .text.eficonfig_get_unused_bootoption
                0x000000000008dfd8       0xd0 cmd/eficonfig.o
                0x000000000008dfd8                eficonfig_get_unused_bootoption
 .text.eficonfig_append_bootorder
                0x000000000008e0a8       0xc8 cmd/eficonfig.o
                0x000000000008e0a8                eficonfig_append_bootorder
 .text.eficonfig_process_add_boot_option
                0x000000000008e170       0x94 cmd/eficonfig.o
 .text.eficonfig_enumerate_boot_option
                0x000000000008e204      0x164 cmd/eficonfig.o
                0x000000000008e204                eficonfig_enumerate_boot_option
 .text.eficonfig_delete_invalid_boot_option
                0x000000000008e368      0x21c cmd/eficonfig.o
                0x000000000008e368                eficonfig_delete_invalid_boot_option
 .text.eficonfig_generate_media_device_boot_option
                0x000000000008e584      0x16c cmd/eficonfig.o
                0x000000000008e584                eficonfig_generate_media_device_boot_option
 .text.do_eficonfig
                0x000000000008e6f0      0x1ac cmd/eficonfig.o
 .text.do_bootelf
                0x000000000008e89c      0x124 cmd/elf.o
                0x000000000008e89c                do_bootelf
 .text.do_bootvx
                0x000000000008e9c0      0x338 cmd/elf.o
                0x000000000008e9c0                do_bootvx
 .text.do_exit  0x000000000008ecf8       0x40 cmd/exit.o
 .text.do_ext4_size
                0x000000000008ed38        0x8 cmd/ext4.o
                0x000000000008ed38                do_ext4_size
 .text.do_ext4_load
                0x000000000008ed40        0x8 cmd/ext4.o
                0x000000000008ed40                do_ext4_load
 .text.do_ext4_ls
                0x000000000008ed48        0x8 cmd/ext4.o
                0x000000000008ed48                do_ext4_ls
 .text.do_ext2load
                0x000000000008ed50        0x8 cmd/ext2.o
                0x000000000008ed50                do_ext2load
 .text.do_ext2ls
                0x000000000008ed58        0x8 cmd/ext2.o
 .text.do_fat_size
                0x000000000008ed60        0x8 cmd/fat.o
                0x000000000008ed60                do_fat_size
 .text.do_fat_fsload
                0x000000000008ed68        0x8 cmd/fat.o
                0x000000000008ed68                do_fat_fsload
 .text.do_fat_ls
                0x000000000008ed70        0x8 cmd/fat.o
 .text.do_fat_fsinfo
                0x000000000008ed78       0x94 cmd/fat.o
 .text.do_fat_fswrite
                0x000000000008ee0c        0x8 cmd/fat.o
 .text.do_fat_rm
                0x000000000008ee14        0x8 cmd/fat.o
 .text.do_fat_mkdir
                0x000000000008ee1c        0x8 cmd/fat.o
 .text.is_printable_string.part.0
                0x000000000008ee24       0x74 cmd/fdt.o
 .text.print_data.part.0
                0x000000000008ee98      0x1e8 cmd/fdt.o
 .text.set_working_fdt_addr
                0x000000000008f080       0x40 cmd/fdt.o
                0x000000000008f080                set_working_fdt_addr
 .text.do_fdt   0x000000000008f0c0     0x10d0 cmd/fdt.o
 .text.do_size_wrapper
                0x0000000000090190        0x8 cmd/fs.o
 .text.do_load_wrapper
                0x0000000000090198        0x8 cmd/fs.o
 .text.do_save_wrapper
                0x00000000000901a0        0x8 cmd/fs.o
 .text.do_ls_wrapper
                0x00000000000901a8        0x8 cmd/fs.o
 .text.do_ln_wrapper
                0x00000000000901b0        0x8 cmd/fs.o
 .text.do_fstype_wrapper
                0x00000000000901b8        0x4 cmd/fs.o
 .text.do_fstypes_wrapper
                0x00000000000901bc        0x4 cmd/fs.o
 .text.gpio_get_description
                0x00000000000901c0       0xdc cmd/gpio.o
 .text.do_gpio  0x000000000009029c      0x3ec cmd/gpio.o
 .text.evalexp  0x0000000000090688       0xa0 cmd/itest.o
 .text.evalstr  0x0000000000090728       0x58 cmd/itest.o
 .text.binary_test
                0x0000000000090780      0x1b4 cmd/itest.o
 .text.do_itest
                0x0000000000090934       0x94 cmd/itest.o
 .text.bin_data_init
                0x00000000000909c8       0x1c cmd/load.o
 .text.k_data_save
                0x00000000000909e4       0x34 cmd/load.o
 .text.k_data_restore
                0x0000000000090a18       0x34 cmd/load.o
 .text.getcxmodem
                0x0000000000090a4c       0x24 cmd/load.o
 .text.load_serial_ymodem
                0x0000000000090a70      0x13c cmd/load.o
 .text.bin_data_char
                0x0000000000090bac       0x28 cmd/load.o
 .text.chk1.constprop.0
                0x0000000000090bd4       0x30 cmd/load.o
 .text.s1_sendpacket.constprop.0
                0x0000000000090c04       0x5c cmd/load.o
 .text.load_serial
                0x0000000000090c60      0x228 cmd/load.o
 .text.do_load_serial
                0x0000000000090e88       0xe0 cmd/load.o
 .text.do_load_serial_bin
                0x0000000000090f68      0x7f0 cmd/load.o
 .text.do_mem_md
                0x0000000000091758       0xe8 cmd/mem.o
 .text.do_mem_base
                0x0000000000091840       0x48 cmd/mem.o
 .text.do_mem_crc
                0x0000000000091888       0x30 cmd/mem.o
 .text.do_random
                0x00000000000918b8       0xfc cmd/mem.o
 .text.do_mem_loop
                0x00000000000919b4      0x120 cmd/mem.o
 .text.do_mem_cmp
                0x0000000000091ad4      0x17c cmd/mem.o
 .text.mod_mem.part.0
                0x0000000000091c50      0x1ac cmd/mem.o
 .text.do_mem_mm
                0x0000000000091dfc       0x1c cmd/mem.o
 .text.do_mem_nm
                0x0000000000091e18       0x1c cmd/mem.o
 .text.do_mem_mw
                0x0000000000091e34      0x100 cmd/mem.o
 .text.do_mem_cp
                0x0000000000091f34       0xb4 cmd/mem.o
 .text.extract_range
                0x0000000000091fe8       0x58 cmd/mii.o
 .text.dump_field
                0x0000000000092040       0x68 cmd/mii.o
 .text.do_mii   0x00000000000920a8      0x7fc cmd/mii.o
 .text.extract_range
                0x00000000000928a4       0x98 cmd/mdio.o
 .text.do_mdio  0x000000000009293c      0x4e4 cmd/mdio.o
 .text.do_sleep
                0x0000000000092e20       0xec cmd/sleep.o
 .text.do_mmcops
                0x0000000000092f0c       0xe8 cmd/mmc.o
 .text.do_mmc_setdsr
                0x0000000000092ff4       0xb8 cmd/mmc.o
 .text.parse_hwpart_user_enh_size
                0x00000000000930ac       0xf4 cmd/mmc.o
 .text.do_mmc_list
                0x00000000000931a0       0x1c cmd/mmc.o
 .text.print_mmcinfo
                0x00000000000931bc      0x444 cmd/mmc.o
 .text.__init_mmc_device.isra.0
                0x0000000000093600       0x7c cmd/mmc.o
 .text.init_mmc_device
                0x000000000009367c        0x4 cmd/mmc.o
 .text.do_mmc_rescan
                0x0000000000093680       0x60 cmd/mmc.o
 .text.do_mmc_hwpartition
                0x00000000000936e0      0x510 cmd/mmc.o
 .text.do_mmc_dev
                0x0000000000093bf0      0x1ac cmd/mmc.o
 .text.do_mmc_part
                0x0000000000093d9c       0x64 cmd/mmc.o
 .text.do_mmc_erase
                0x0000000000093e00       0xf0 cmd/mmc.o
 .text.do_mmc_write
                0x0000000000093ef0      0x10c cmd/mmc.o
 .text.do_mmc_boot_wp
                0x0000000000093ffc       0x9c cmd/mmc.o
 .text.do_mmc_read
                0x0000000000094098       0xf0 cmd/mmc.o
 .text.do_mmcinfo
                0x0000000000094188       0x60 cmd/mmc.o
 .text.do_net   0x00000000000941e8       0xa4 cmd/net.o
 .text.do_net_list
                0x000000000009428c       0xb0 cmd/net.o
 .text.do_ping  0x000000000009433c       0x7c cmd/net.o
 .text.netboot_common
                0x00000000000943b8      0x278 cmd/net.o
 .text.do_bootp
                0x0000000000094630        0xc cmd/net.o
 .text.do_tftpb
                0x000000000009463c        0xc cmd/net.o
                0x000000000009463c                do_tftpb
 .text.do_dhcp  0x0000000000094648        0xc cmd/net.o
 .text.do_nfs   0x0000000000094654        0xc cmd/net.o
 .text.dhcp_run
                0x0000000000094660      0x120 cmd/net.o
                0x0000000000094660                dhcp_run
 .text.do_part_list
                0x0000000000094780      0x188 cmd/part.o
 .text.do_part_info
                0x0000000000094908      0x134 cmd/part.o
 .text.do_part  0x0000000000094a3c      0x20c cmd/part.o
 .text.pci_show_regions
                0x0000000000094c48      0x13c cmd/pci.o
 .text.pci_field_width
                0x0000000000094d84       0x24 cmd/pci.o
 .text.pci_show_regs
                0x0000000000094da8       0x9c cmd/pci.o
 .text.pci_header_show
                0x0000000000094e44       0xd4 cmd/pci.o
 .text.pciinfo  0x0000000000094f18      0x14c cmd/pci.o
 .text.pci_cfg_modify.isra.0
                0x0000000000095064      0x144 cmd/pci.o
 .text.do_pci   0x00000000000951a8      0x6e8 cmd/pci.o
 .text.do_pinmux
                0x0000000000095890       0x80 cmd/pinmux.o
 .text.do_list  0x0000000000095910       0x9c cmd/pinmux.o
 .text.show_pinmux
                0x00000000000959ac      0x130 cmd/pinmux.o
 .text.do_status
                0x0000000000095adc       0xf4 cmd/pinmux.o
 .text.do_dev   0x0000000000095bd0       0x94 cmd/pinmux.o
 .text.do_get_tftp
                0x0000000000095c64       0x88 cmd/pxe.o
 .text.do_pxe   0x0000000000095cec       0x84 cmd/pxe.o
 .text.do_pxe_boot
                0x0000000000095d70       0xfc cmd/pxe.o
 .text.pxe_get  0x0000000000095e6c      0x180 cmd/pxe.o
                0x0000000000095e6c                pxe_get
 .text.do_pxe_get
                0x0000000000095fec       0xa0 cmd/pxe.o
 .text.get_arg  0x000000000009608c       0xf8 cmd/setexpr.o
 .text.substitute
                0x0000000000096184      0x118 cmd/setexpr.o
 .text.setexpr_regex_sub
                0x000000000009629c      0x27c cmd/setexpr.o
                0x000000000009629c                setexpr_regex_sub
 .text.regex_sub_var
                0x0000000000096518      0x12c cmd/setexpr.o
 .text.do_setexpr
                0x0000000000096644      0x2b8 cmd/setexpr.o
 .text.do_sysboot
                0x00000000000968fc      0x1fc cmd/sysboot.o
 .text.sysboot_read_file
                0x0000000000096af8       0x78 cmd/sysboot.o
 .text.do_false
                0x0000000000096b70        0x8 cmd/test.o
 .text.do_true  0x0000000000096b78        0x8 cmd/test.o
 .text.do_test  0x0000000000096b80      0x324 cmd/test.o
 .text.do_unlz4
                0x0000000000096ea4       0xc0 cmd/unlz4.o
 .text.do_unzip
                0x0000000000096f64       0xb0 cmd/unzip.o
 .text.do_gzwrite
                0x0000000000097014      0x10c cmd/unzip.o
 .text.do_lzmadec
                0x0000000000097120       0xb0 cmd/lzmadec.o
 .text.usb_get_class_desc
                0x00000000000971d0       0xac cmd/usb.o
 .text.usb_display_class_sub
                0x000000000009727c      0x19c cmd/usb.o
 .text.usb_display_desc
                0x0000000000097418      0x150 cmd/usb.o
 .text.usb_show_tree_graph
                0x0000000000097568      0x244 cmd/usb.o
 .text.usb_show_subtree
                0x00000000000977ac       0x38 cmd/usb.o
 .text.usb_for_each_root_dev
                0x00000000000977e4       0x68 cmd/usb.o
 .text.usb_display_string
                0x000000000009784c       0x4c cmd/usb.o
 .text.usb_display_config
                0x0000000000097898      0x250 cmd/usb.o
 .text.usb_show_info
                0x0000000000097ae8       0x8c cmd/usb.o
 .text.usb_find_device
                0x0000000000097b74       0xb0 cmd/usb.o
 .text.do_usbboot
                0x0000000000097c24        0xc cmd/usb.o
 .text.do_usb_start
                0x0000000000097c30       0x28 cmd/usb.o
 .text.usb_show_tree
                0x0000000000097c58        0xc cmd/usb.o
                0x0000000000097c58                usb_show_tree
 .text.do_usb   0x0000000000097c64      0x3e8 cmd/usb.o
 .text.common_diskboot
                0x000000000009804c      0x19c cmd/disk.o
                0x000000000009804c                common_diskboot
 .text.do_video_setcursor
                0x00000000000981e8       0x80 cmd/video.o
 .text.do_video_puts
                0x0000000000098268       0x6c cmd/video.o
 .text.do_fs_uuid_wrapper
                0x00000000000982d4        0x8 cmd/fs_uuid.o
 .text.do_imgextract
                0x00000000000982dc      0x288 cmd/ximg.o
 .text.do_dfu   0x0000000000098564      0x108 cmd/dfu.o
 .text.do_env_delete
                0x000000000009866c       0xc4 cmd/nvedit.o
 .text.do_env   0x0000000000098730       0x84 cmd/nvedit.o
 .text.env_print
                0x00000000000987b4       0xc4 cmd/nvedit.o
 .text.do_env_print
                0x0000000000098878       0xe8 cmd/nvedit.o
 .text.do_env_import
                0x0000000000098960      0x29c cmd/nvedit.o
 .text.do_env_default
                0x0000000000098bfc       0xa8 cmd/nvedit.o
 .text.do_env_exists
                0x0000000000098ca4       0x60 cmd/nvedit.o
 .text._do_env_set.isra.0
                0x0000000000098d04      0x1bc cmd/nvedit.o
 .text.do_env_edit
                0x0000000000098ec0       0xd4 cmd/nvedit.o
 .text.do_env_set
                0x0000000000098f94       0x20 cmd/nvedit.o
 .text.env_get_id
                0x0000000000098fb4        0xc cmd/nvedit.o
                0x0000000000098fb4                env_get_id
 .text.env_set  0x0000000000098fc0       0x58 cmd/nvedit.o
                0x0000000000098fc0                env_set
 .text.do_env_export
                0x0000000000099018      0x224 cmd/nvedit.o
 .text.board_init_f_alloc_reserve
                0x000000000009923c       0x10 common/init/board_init.o
                0x000000000009923c                board_init_f_alloc_reserve
 .text.board_init_f_init_reserve
                0x000000000009924c       0x30 common/init/board_init.o
                0x000000000009924c                board_init_f_init_reserve
 .text.main_loop
                0x000000000009927c       0x5c common/main.o
                0x000000000009927c                main_loop
 .text.mdelay   0x00000000000992d8        0xc common/exports.o
 .text.dummy    0x00000000000992e4        0x4 common/exports.o
 .text.get_version
                0x00000000000992e8        0x8 common/exports.o
                0x00000000000992e8                get_version
 .text.jumptable_init
                0x00000000000992f0      0x1fc common/exports.o
                0x00000000000992f0                jumptable_init
 .text.b_reset  0x00000000000994ec       0x18 common/cli_hush.o
 .text.static_get
                0x0000000000099504       0x1c common/cli_hush.o
 .text.static_peek
                0x0000000000099520        0xc common/cli_hush.o
 .text.mapset   0x000000000009952c       0x20 common/cli_hush.o
 .text.syntax_err
                0x000000000009954c        0xc common/cli_hush.o
 .text.xmalloc  0x0000000000099558       0x28 common/cli_hush.o
 .text.new_pipe
                0x0000000000099580       0x24 common/cli_hush.o
 .text.xrealloc
                0x00000000000995a4       0x28 common/cli_hush.o
 .text.do_showvar
                0x00000000000995cc      0x10c common/cli_hush.o
 .text.is_assignment
                0x00000000000996d8       0x50 common/cli_hush.o
 .text.b_addchr
                0x0000000000099728       0x94 common/cli_hush.o
 .text.file_get
                0x00000000000997bc      0x1dc common/cli_hush.o
 .text.done_command.isra.0
                0x0000000000099998       0x90 common/cli_hush.o
 .text.done_pipe.isra.0
                0x0000000000099a28       0x50 common/cli_hush.o
 .text.done_word
                0x0000000000099a78      0x2a0 common/cli_hush.o
 .text.free_pipe_list.isra.0
                0x0000000000099d18       0xd0 common/cli_hush.o
 .text.b_addqchr.isra.0
                0x0000000000099de8       0x58 common/cli_hush.o
 .text.file_peek
                0x0000000000099e40        0xc common/cli_hush.o
 .text.get_local_var
                0x0000000000099e4c       0x9c common/cli_hush.o
                0x0000000000099e4c                get_local_var
 .text.unset_local_var
                0x0000000000099ee8       0xb4 common/cli_hush.o
                0x0000000000099ee8                unset_local_var
 .text.set_local_var
                0x0000000000099f9c      0x19c common/cli_hush.o
                0x0000000000099f9c                set_local_var
 .text.insert_var_value_sub
                0x000000000009a138      0x2a8 common/cli_hush.o
 .text.parse_string_outer
                0x000000000009a3e0       0xf4 common/cli_hush.o
                0x000000000009a3e0                parse_string_outer
 .text.run_list_real
                0x000000000009a4d4      0x730 common/cli_hush.o
 .text.parse_stream_outer
                0x000000000009ac04      0x65c common/cli_hush.o
 .text.parse_file_outer
                0x000000000009b260       0x50 common/cli_hush.o
                0x000000000009b260                parse_file_outer
 .text.u_boot_hush_start
                0x000000000009b2b0       0x58 common/cli_hush.o
                0x000000000009b2b0                u_boot_hush_start
 .text.bootdelay_process
                0x000000000009b308       0xbc common/autoboot.o
                0x000000000009b308                bootdelay_process
 .text.autoboot_command
                0x000000000009b3c4      0x120 common/autoboot.o
                0x000000000009b3c4                autoboot_command
 .text.log_init
                0x000000000009b4e4        0x8 common/board_f.o
 .text.display_text_info
                0x000000000009b4ec        0x8 common/board_f.o
 .text.setup_mon_len
                0x000000000009b4f4       0x20 common/board_f.o
 .text.reserve_round_4k
                0x000000000009b514       0x14 common/board_f.o
 .text.reserve_uboot
                0x000000000009b528       0x38 common/board_f.o
 .text.reserve_malloc
                0x000000000009b560       0x18 common/board_f.o
 .text.checkcpu
                0x000000000009b578        0x8 common/board_f.o
                0x000000000009b578                checkcpu
 .text.setup_reloc
                0x000000000009b580       0x40 common/board_f.o
 .text.reloc_fdt
                0x000000000009b5c0       0x4c common/board_f.o
 .text.reserve_video
                0x000000000009b60c       0x2c common/board_f.o
 .text.announce_dram_init
                0x000000000009b638       0x20 common/board_f.o
 .text.misc_init_f
                0x000000000009b658        0x8 common/board_f.o
 .text.init_baud_rate
                0x000000000009b660       0x30 common/board_f.o
 .text.initf_dm
                0x000000000009b690        0x8 common/board_f.o
 .text.cyclic_unregister_all
                0x000000000009b698        0x8 common/board_f.o
 .text.setup_spl_handoff
                0x000000000009b6a0        0x8 common/board_f.o
 .text.reserve_trace
                0x000000000009b6a8        0x8 common/board_f.o
 .text.reserve_bootstage
                0x000000000009b6b0        0x8 common/board_f.o
 .text.reserve_bloblist
                0x000000000009b6b8        0x8 common/board_f.o
 .text.display_new_sp
                0x000000000009b6c0        0x8 common/board_f.o
 .text.reloc_bootstage
                0x000000000009b6c8        0x8 common/board_f.o
 .text.reloc_bloblist
                0x000000000009b6d0        0x8 common/board_f.o
 .text.initf_bootstage
                0x000000000009b6d8        0x8 common/board_f.o
 .text.reserve_arch
                0x000000000009b6e0        0x8 common/board_f.o
                0x000000000009b6e0                reserve_arch
 .text.clear_bss
                0x000000000009b6e8        0x8 common/board_f.o
                0x000000000009b6e8                clear_bss
 .text.reserve_board
                0x000000000009b6f0       0x4c common/board_f.o
 .text.reserve_fdt
                0x000000000009b73c       0x48 common/board_f.o
 .text.reserve_global_data
                0x000000000009b784       0x20 common/board_f.o
 .text.board_add_ram_info
                0x000000000009b7a4        0x4 common/board_f.o
                0x000000000009b7a4                board_add_ram_info
 .text.show_dram_config
                0x000000000009b7a8      0x228 common/board_f.o
 .text.arch_setup_dest_addr
                0x000000000009b9d0        0x8 common/board_f.o
                0x000000000009b9d0                arch_setup_dest_addr
 .text.setup_dest_addr
                0x000000000009b9d8       0x44 common/board_f.o
 .text.reserve_stacks
                0x000000000009ba1c       0x14 common/board_f.o
 .text.setup_bdinfo
                0x000000000009ba30        0xc common/board_f.o
                0x000000000009ba30                setup_bdinfo
 .text.board_init_f
                0x000000000009ba3c       0x7c common/board_f.o
                0x000000000009ba3c                board_init_f
 .text.log_init
                0x000000000009bab8        0x8 common/board_r.o
 .text.cpu_secondary_init_r
                0x000000000009bac0        0x8 common/board_r.o
                0x000000000009bac0                cpu_secondary_init_r
 .text.initr_trace
                0x000000000009bac8        0x8 common/board_r.o
 .text.initr_reloc
                0x000000000009bad0       0x18 common/board_r.o
 .text.run_main_loop
                0x000000000009bae8       0x18 common/board_r.o
 .text.initr_net
                0x000000000009bb00       0x24 common/board_r.o
 .text.initr_env
                0x000000000009bb24       0x70 common/board_r.o
 .text.initr_mmc
                0x000000000009bb94       0x28 common/board_r.o
 .text.dm_announce
                0x000000000009bbbc       0x90 common/board_r.o
 .text.initr_dm
                0x000000000009bc4c       0x14 common/board_r.o
 .text.initr_malloc
                0x000000000009bc60       0x28 common/board_r.o
 .text.initr_reloc_global_data
                0x000000000009bc88       0x50 common/board_r.o
 .text.initr_caches
                0x000000000009bcd8       0x18 common/board_r.o
 .text.arch_initr_trap
                0x000000000009bcf0        0x8 common/board_r.o
                0x000000000009bcf0                arch_initr_trap
 .text.initr_barrier
                0x000000000009bcf8        0x8 common/board_r.o
 .text.initr_of_live
                0x000000000009bd00        0x8 common/board_r.o
 .text.initr_dm_devices
                0x000000000009bd08        0x8 common/board_r.o
 .text.initr_bootstage
                0x000000000009bd10        0x8 common/board_r.o
 .text.power_init_board
                0x000000000009bd18        0x8 common/board_r.o
                0x000000000009bd18                power_init_board
 .text.initr_announce
                0x000000000009bd20        0x8 common/board_r.o
 .text.initr_binman
                0x000000000009bd28        0x8 common/board_r.o
 .text.board_init_r
                0x000000000009bd30       0x84 common/board_r.o
                0x000000000009bd30                board_init_r
 .text.fdt_simplefb_configure_node
                0x000000000009bdb4       0x9c common/fdt_simplefb.o
 .text.fdt_simplefb_add_node
                0x000000000009be50       0x94 common/fdt_simplefb.o
                0x000000000009be50                fdt_simplefb_add_node
 .text.of_bus_default_map
                0x000000000009bee4       0xa4 common/fdt_support.o
 .text.fdt_read_prop
                0x000000000009bf88       0x60 common/fdt_support.o
 .text.fdt_pack_reg
                0x000000000009bfe8       0xd8 common/fdt_support.o
 .text.of_bus_default_translate
                0x000000000009c0c0       0x98 common/fdt_support.o
 .text.fdt_support_default_count_cells
                0x000000000009c158       0x70 common/fdt_support.o
                0x000000000009c158                fdt_support_default_count_cells
 .text.__of_translate_address
                0x000000000009c1c8      0x224 common/fdt_support.o
 .text.fdt_getprop_u32_default_node
                0x000000000009c3ec       0x4c common/fdt_support.o
                0x000000000009c3ec                fdt_getprop_u32_default_node
 .text.fdt_find_and_setprop
                0x000000000009c438       0x94 common/fdt_support.o
                0x000000000009c438                fdt_find_and_setprop
 .text.fdt_find_or_add_subnode
                0x000000000009c4cc       0x74 common/fdt_support.o
                0x000000000009c4cc                fdt_find_or_add_subnode
 .text.fdt_root
                0x000000000009c540       0x98 common/fdt_support.o
                0x000000000009c540                fdt_root
 .text.fdt_initrd
                0x000000000009c5d8      0x1b4 common/fdt_support.o
                0x000000000009c5d8                fdt_initrd
 .text.board_fdt_chosen_bootargs
                0x000000000009c78c        0xc common/fdt_support.o
                0x000000000009c78c                board_fdt_chosen_bootargs
 .text.fdt_chosen
                0x000000000009c798      0x104 common/fdt_support.o
                0x000000000009c798                fdt_chosen
 .text.do_fixup_by_path
                0x000000000009c89c       0x4c common/fdt_support.o
                0x000000000009c89c                do_fixup_by_path
 .text.fdt_fixup_memory_banks
                0x000000000009c8e8      0x184 common/fdt_support.o
                0x000000000009c8e8                fdt_fixup_memory_banks
 .text.fdt_fixup_memory
                0x000000000009ca6c       0x24 common/fdt_support.o
                0x000000000009ca6c                fdt_fixup_memory
 .text.fdt_fixup_ethernet
                0x000000000009ca90      0x1a8 common/fdt_support.o
                0x000000000009ca90                fdt_fixup_ethernet
 .text.fdt_shrink_to_minimum
                0x000000000009cc38       0xe0 common/fdt_support.o
                0x000000000009cc38                fdt_shrink_to_minimum
 .text.fdt_translate_address
                0x000000000009cd18        0xc common/fdt_support.o
                0x000000000009cd18                fdt_translate_address
 .text.fdt_translate_dma_address
                0x000000000009cd24        0xc common/fdt_support.o
                0x000000000009cd24                fdt_translate_dma_address
 .text.fdt_get_dma_range
                0x000000000009cd30      0x1d8 common/fdt_support.o
                0x000000000009cd30                fdt_get_dma_range
 .text.fdt_read_range
                0x000000000009cf08      0x154 common/fdt_support.o
                0x000000000009cf08                fdt_read_range
 .text.fdt_setup_simplefb_node
                0x000000000009d05c      0x1dc common/fdt_support.o
                0x000000000009d05c                fdt_setup_simplefb_node
 .text.fdt_overlay_apply_verbose
                0x000000000009d238       0x80 common/fdt_support.o
                0x000000000009d238                fdt_overlay_apply_verbose
 .text.fdt_valid
                0x000000000009d2b8       0xcc common/fdt_support.o
                0x000000000009d2b8                fdt_valid
 .text.miiphy_get_dev_by_name
                0x000000000009d384       0x68 common/miiphyutil.o
                0x000000000009d384                miiphy_get_dev_by_name
 .text.miiphy_init
                0x000000000009d3ec       0x18 common/miiphyutil.o
                0x000000000009d3ec                miiphy_init
 .text.mdio_alloc
                0x000000000009d404       0x3c common/miiphyutil.o
                0x000000000009d404                mdio_alloc
 .text.mdio_register
                0x000000000009d440       0x90 common/miiphyutil.o
                0x000000000009d440                mdio_register
 .text.mdio_list_devices
                0x000000000009d4d0       0xc4 common/miiphyutil.o
                0x000000000009d4d0                mdio_list_devices
 .text.miiphy_set_current_dev
                0x000000000009d594       0x48 common/miiphyutil.o
                0x000000000009d594                miiphy_set_current_dev
 .text.miiphy_get_active_dev
                0x000000000009d5dc       0x54 common/miiphyutil.o
 .text.mdio_get_current_dev
                0x000000000009d630        0xc common/miiphyutil.o
                0x000000000009d630                mdio_get_current_dev
 .text.mdio_phydev_for_ethname
                0x000000000009d63c       0x9c common/miiphyutil.o
                0x000000000009d63c                mdio_phydev_for_ethname
 .text.miiphy_get_current_dev
                0x000000000009d6d8       0x14 common/miiphyutil.o
                0x000000000009d6d8                miiphy_get_current_dev
 .text.miiphy_read
                0x000000000009d6ec       0x5c common/miiphyutil.o
                0x000000000009d6ec                miiphy_read
 .text.miiphy_write
                0x000000000009d748       0x60 common/miiphyutil.o
                0x000000000009d748                miiphy_write
 .text.miiphy_listdev
                0x000000000009d7a8       0x90 common/miiphyutil.o
                0x000000000009d7a8                miiphy_listdev
 .text.miiphy_info
                0x000000000009d838       0xa0 common/miiphyutil.o
                0x000000000009d838                miiphy_info
 .text.miiphy_speed
                0x000000000009d8d8       0xc8 common/miiphyutil.o
                0x000000000009d8d8                miiphy_speed
 .text.miiphy_duplex
                0x000000000009d9a0       0xc8 common/miiphyutil.o
                0x000000000009d9a0                miiphy_duplex
 .text.miiphy_is_1000base_x
                0x000000000009da68        0x8 common/miiphyutil.o
                0x000000000009da68                miiphy_is_1000base_x
 .text.usb_set_maxpacket_ep
                0x000000000009da70       0x84 common/usb.o
 .text.usb_int_msg
                0x000000000009daf4        0x4 common/usb.o
                0x000000000009daf4                usb_int_msg
 .text.usb_control_msg
                0x000000000009daf8       0xa0 common/usb.o
                0x000000000009daf8                usb_control_msg
 .text.usb_get_descriptor
                0x000000000009db98       0x5c common/usb.o
 .text.get_descriptor_len
                0x000000000009dbf4       0xa4 common/usb.o
 .text.usb_setup_descriptor
                0x000000000009dc98       0xd8 common/usb.o
 .text.usb_get_string
                0x000000000009dd70       0xa4 common/usb.o
 .text.usb_string_sub
                0x000000000009de14      0x118 common/usb.o
 .text.usb_bulk_msg
                0x000000000009df2c       0x80 common/usb.o
                0x000000000009df2c                usb_bulk_msg
 .text.usb_maxpacket
                0x000000000009dfac       0x1c common/usb.o
                0x000000000009dfac                usb_maxpacket
 .text.usb_clear_halt
                0x000000000009dfc8       0x9c common/usb.o
                0x000000000009dfc8                usb_clear_halt
 .text.usb_get_configuration_len
                0x000000000009e064       0x78 common/usb.o
                0x000000000009e064                usb_get_configuration_len
 .text.usb_get_configuration_no
                0x000000000009e0dc       0x40 common/usb.o
                0x000000000009e0dc                usb_get_configuration_no
 .text.usb_set_interface
                0x000000000009e11c       0xbc common/usb.o
                0x000000000009e11c                usb_set_interface
 .text.usb_set_protocol
                0x000000000009e1d8       0x4c common/usb.o
                0x000000000009e1d8                usb_set_protocol
 .text.usb_set_idle
                0x000000000009e224       0x4c common/usb.o
                0x000000000009e224                usb_set_idle
 .text.usb_string
                0x000000000009e270      0x110 common/usb.o
                0x000000000009e270                usb_string
 .text.usb_select_config
                0x000000000009e380      0x4b0 common/usb.o
                0x000000000009e380                usb_select_config
 .text.usb_setup_device
                0x000000000009e830      0x114 common/usb.o
                0x000000000009e830                usb_setup_device
 .text.usb_device_has_child_on_port
                0x000000000009e944        0x8 common/usb.o
                0x000000000009e944                usb_device_has_child_on_port
 .text.usb_set_port_feature
                0x000000000009e94c       0x4c common/usb_hub.o
 .text.usb_get_hub_descriptor
                0x000000000009e998       0x64 common/usb_hub.o
 .text.usb_clear_port_feature.isra.0
                0x000000000009e9fc       0x4c common/usb_hub.o
 .text.usb_hub_reset_devices
                0x000000000009ea48        0x4 common/usb_hub.o
                0x000000000009ea48                usb_hub_reset_devices
 .text.usb_hub_is_root_hub
                0x000000000009ea4c       0x20 common/usb_hub.o
                0x000000000009ea4c                usb_hub_is_root_hub
 .text.usb_get_port_status
                0x000000000009ea6c       0xc4 common/usb_hub.o
                0x000000000009ea6c                usb_get_port_status
 .text.usb_hub_port_connect_change
                0x000000000009eb30      0x180 common/usb_hub.o
                0x000000000009eb30                usb_hub_port_connect_change
 .text.usb_hub_configure
                0x000000000009ecb0      0x558 common/usb_hub.o
 .text.usb_hub_scan
                0x000000000009f208       0x14 common/usb_hub.o
                0x000000000009f208                usb_hub_scan
 .text.usb_hub_post_probe
                0x000000000009f21c        0x4 common/usb_hub.o
 .text.usb_stor_irq
                0x000000000009f220       0x18 common/usb_storage.o
 .text.usb_stor_BBB_reset
                0x000000000009f238       0xec common/usb_storage.o
 .text.usb_stor_CB_reset
                0x000000000009f324       0xd4 common/usb_storage.o
 .text.usb_stor_CB_comdat
                0x000000000009f3f8      0x1e8 common/usb_storage.o
 .text.usb_stor_CBI_get_status
                0x000000000009f5e0       0xd4 common/usb_storage.o
 .text.usb_stor_CB_transport
                0x000000000009f6b4      0x1ec common/usb_storage.o
 .text.usb_request_sense.constprop.0.isra.0
                0x000000000009f8a0       0x8c common/usb_storage.o
 .text.usb_stor_write
                0x000000000009f92c      0x19c common/usb_storage.o
 .text.usb_stor_read
                0x000000000009fac8      0x19c common/usb_storage.o
 .text.usb_stor_BBB_clear_endpt_stall.isra.0
                0x000000000009fc64       0x4c common/usb_storage.o
 .text.usb_stor_BBB_transport
                0x000000000009fcb0      0x244 common/usb_storage.o
 .text.usb_stor_info
                0x000000000009fef4       0x88 common/usb_storage.o
                0x000000000009fef4                usb_stor_info
 .text.usb_stor_reset
                0x000000000009ff7c        0xc common/usb_storage.o
                0x000000000009ff7c                usb_stor_reset
 .text.usb_stor_scan
                0x000000000009ff88       0x4c common/usb_storage.o
                0x000000000009ff88                usb_stor_scan
 .text.usb_storage_probe
                0x000000000009ffd4      0x248 common/usb_storage.o
                0x000000000009ffd4                usb_storage_probe
 .text.usb_stor_get_info
                0x00000000000a021c      0x2f0 common/usb_storage.o
                0x00000000000a021c                usb_stor_get_info
 .text.usb_mass_storage_probe
                0x00000000000a050c      0x1c4 common/usb_storage.o
 .text.iomux_match_device
                0x00000000000a06d0       0x38 common/iomux.o
                0x00000000000a06d0                iomux_match_device
 .text.iomux_doenv
                0x00000000000a0708      0x1d4 common/iomux.o
                0x00000000000a0708                iomux_doenv
 .text.iomux_replace_device
                0x00000000000a08dc      0x130 common/iomux.o
                0x00000000000a08dc                iomux_replace_device
 .text.menu_default_choice
                0x00000000000a0a0c       0x20 common/menu.o
                0x00000000000a0a0c                menu_default_choice
 .text.menu_default_set
                0x00000000000a0a2c       0x94 common/menu.o
                0x00000000000a0a2c                menu_default_set
 .text.menu_get_choice
                0x00000000000a0ac0      0x1d0 common/menu.o
                0x00000000000a0ac0                menu_get_choice
 .text.menu_item_add
                0x00000000000a0c90       0xf0 common/menu.o
                0x00000000000a0c90                menu_item_add
 .text.menu_create
                0x00000000000a0d80       0xa8 common/menu.o
                0x00000000000a0d80                menu_create
 .text.menu_destroy
                0x00000000000a0e28       0x80 common/menu.o
                0x00000000000a0e28                menu_destroy
 .text.bootmenu_conv_key
                0x00000000000a0ea8       0x24 common/menu.o
                0x00000000000a0ea8                bootmenu_conv_key
 .text.bootmenu_loop
                0x00000000000a0ecc       0x54 common/menu.o
                0x00000000000a0ecc                bootmenu_loop
 .text.usb_kbd_put_queue
                0x00000000000a0f20       0x3c common/usb_kbd.o
 .text.usb_kbd_translate
                0x00000000000a0f5c      0x234 common/usb_kbd.o
 .text.usb_kbd_remove
                0x00000000000a1190       0xb4 common/usb_kbd.o
 .text.usb_kbd_probe
                0x00000000000a1244      0x218 common/usb_kbd.o
 .text.usb_kbd_service_key.isra.0
                0x00000000000a145c       0x94 common/usb_kbd.o
 .text.usb_kbd_irq_worker
                0x00000000000a14f0      0x13c common/usb_kbd.o
 .text.usb_kbd_getc
                0x00000000000a162c       0x74 common/usb_kbd.o
 .text.usb_kbd_testc
                0x00000000000a16a0       0x9c common/usb_kbd.o
 .text.usb_kbd_irq
                0x00000000000a173c       0x20 common/usb_kbd.o
 .text.cli_ch_init
                0x00000000000a175c        0xc common/cli_getch.o
                0x00000000000a175c                cli_ch_init
 .text.cli_ch_process
                0x00000000000a1768      0x1f0 common/cli_getch.o
                0x00000000000a1768                cli_ch_process
 .text.cread_add_char
                0x00000000000a1958      0x100 common/cli_readline.o
 .text.delete_char
                0x00000000000a1a58      0x108 common/cli_readline.o
 .text.cli_readline_into_buffer
                0x00000000000a1b60      0x7a0 common/cli_readline.o
                0x00000000000a1b60                cli_readline_into_buffer
 .text.cli_readline
                0x00000000000a2300       0x14 common/cli_readline.o
                0x00000000000a2300                cli_readline
 .text.cli_simple_process_macros
                0x00000000000a2314      0x220 common/cli_simple.o
                0x00000000000a2314                cli_simple_process_macros
 .text.console_tstc
                0x00000000000a2534       0xa4 common/console.o
 .text.console_putc
                0x00000000000a25d8       0x74 common/console.o
 .text.console_puts
                0x00000000000a264c       0x74 common/console.o
 .text.console_flush
                0x00000000000a26c0       0x64 common/console.o
 .text.on_console
                0x00000000000a2724       0xc0 common/console.o
 .text.console_needs_start_stop
                0x00000000000a27e4       0x78 common/console.o
 .text.serial_printf
                0x00000000000a285c       0x88 common/console.o
                0x00000000000a285c                serial_printf
 .text.putc     0x00000000000a28e4       0x2c common/console.o
                0x00000000000a28e4                putc
 .text.puts     0x00000000000a2910       0x28 common/console.o
                0x00000000000a2910                puts
 .text.flush    0x00000000000a2938       0x24 common/console.o
                0x00000000000a2938                flush
 .text.tstc     0x00000000000a295c       0x24 common/console.o
                0x00000000000a295c                tstc
 .text.fgetc.part.0
                0x00000000000a2980       0x44 common/console.o
 .text.getchar  0x00000000000a29c4       0x24 common/console.o
                0x00000000000a29c4                getchar
 .text.console_start
                0x00000000000a29e8       0x44 common/console.o
                0x00000000000a29e8                console_start
 .text.console_stop
                0x00000000000a2a2c       0x40 common/console.o
                0x00000000000a2a2c                console_stop
 .text.fputs    0x00000000000a2a6c       0x10 common/console.o
                0x00000000000a2a6c                fputs
 .text.ctrlc    0x00000000000a2a7c       0x54 common/console.o
                0x00000000000a2a7c                ctrlc
 .text.disable_ctrlc
                0x00000000000a2ad0       0x14 common/console.o
                0x00000000000a2ad0                disable_ctrlc
 .text.had_ctrlc
                0x00000000000a2ae4        0xc common/console.o
                0x00000000000a2ae4                had_ctrlc
 .text.clear_ctrlc
                0x00000000000a2af0        0xc common/console.o
                0x00000000000a2af0                clear_ctrlc
 .text.console_search_dev
                0x00000000000a2afc       0x34 common/console.o
                0x00000000000a2afc                console_search_dev
 .text.console_assign
                0x00000000000a2b30       0xe4 common/console.o
                0x00000000000a2b30                console_assign
 .text.console_init_f
                0x00000000000a2c14       0x18 common/console.o
                0x00000000000a2c14                console_init_f
 .text.stdio_print_current_devices
                0x00000000000a2c2c       0xbc common/console.o
                0x00000000000a2c2c                stdio_print_current_devices
 .text.console_init_r
                0x00000000000a2ce8      0x1a4 common/console.o
                0x00000000000a2ce8                console_init_r
 .text.sbrk     0x00000000000a2e8c       0x70 common/dlmalloc.o
                0x00000000000a2e8c                sbrk
 .text.mem_malloc_init
                0x00000000000a2efc       0x28 common/dlmalloc.o
                0x00000000000a2efc                mem_malloc_init
 .text.malloc_trim
                0x00000000000a2f24       0xd4 common/dlmalloc.o
                0x00000000000a2f24                malloc_trim
 .text.free     0x00000000000a2ff8      0x224 common/dlmalloc.o
                0x00000000000a2ff8                free
 .text.malloc   0x00000000000a321c      0x634 common/dlmalloc.o
                0x00000000000a321c                malloc
 .text.calloc   0x00000000000a3850       0xdc common/dlmalloc.o
                0x00000000000a3850                calloc
 .text.realloc  0x00000000000a392c      0x460 common/dlmalloc.o
                0x00000000000a392c                realloc
 .text.memalign
                0x00000000000a3d8c      0x1ac common/dlmalloc.o
                0x00000000000a3d8c                memalign
 .text.initf_malloc
                0x00000000000a3f38       0x18 common/dlmalloc.o
                0x00000000000a3f38                initf_malloc
 .text.alloc_simple
                0x00000000000a3f50       0x6c common/malloc_simple.o
 .text.malloc_simple
                0x00000000000a3fbc        0x8 common/malloc_simple.o
                0x00000000000a3fbc                malloc_simple
 .text.memalign_simple
                0x00000000000a3fc4       0x10 common/malloc_simple.o
                0x00000000000a3fc4                memalign_simple
 .text.event_notify
                0x00000000000a3fd4       0xdc common/event.o
                0x00000000000a3fd4                event_notify
 .text.event_notify_null
                0x00000000000a40b0        0xc common/event.o
                0x00000000000a40b0                event_notify_null
 .text.event_register
                0x00000000000a40bc       0x74 common/event.o
                0x00000000000a40bc                event_register
 .text.event_init
                0x00000000000a4130       0x10 common/event.o
                0x00000000000a4130                event_init
 .text.hash_finish_crc32
                0x00000000000a4140       0x38 common/hash.o
 .text.hash_finish_crc16_ccitt
                0x00000000000a4178       0x38 common/hash.o
 .text.hash_update_crc32
                0x00000000000a41b0       0x34 common/hash.o
 .text.hash_init_crc32
                0x00000000000a41e4       0x30 common/hash.o
 .text.hash_init_crc16_ccitt
                0x00000000000a4214       0x30 common/hash.o
 .text.hash_update_crc16_ccitt
                0x00000000000a4244       0x34 common/hash.o
 .text.hash_lookup_algo
                0x00000000000a4278       0x68 common/hash.o
                0x00000000000a4278                hash_lookup_algo
 .text.hash_command
                0x00000000000a42e0       0xc8 common/hash.o
                0x00000000000a42e0                hash_command
 .text.get_effective_memsize
                0x00000000000a43a8        0x8 common/memsize.o
                0x00000000000a43a8                get_effective_memsize
 .text.nulldev_putc
                0x00000000000a43b0        0x4 common/stdio.o
 .text.nulldev_puts
                0x00000000000a43b4        0x4 common/stdio.o
 .text.nulldev_input
                0x00000000000a43b8        0x8 common/stdio.o
 .text.stdio_serial_tstc
                0x00000000000a43c0        0x4 common/stdio.o
 .text.stdio_serial_getc
                0x00000000000a43c4        0x4 common/stdio.o
 .text.stdio_serial_flush
                0x00000000000a43c8        0x4 common/stdio.o
 .text.stdio_serial_puts
                0x00000000000a43cc        0x8 common/stdio.o
 .text.stdio_serial_putc
                0x00000000000a43d4        0x8 common/stdio.o
 .text.stdio_file_to_flags
                0x00000000000a43dc       0x24 common/stdio.o
                0x00000000000a43dc                stdio_file_to_flags
 .text.stdio_get_list
                0x00000000000a4400        0xc common/stdio.o
                0x00000000000a4400                stdio_get_list
 .text.stdio_get_by_name
                0x00000000000a440c       0xfc common/stdio.o
                0x00000000000a440c                stdio_get_by_name
 .text.stdio_clone
                0x00000000000a4508       0x4c common/stdio.o
                0x00000000000a4508                stdio_clone
 .text.stdio_register_dev
                0x00000000000a4554       0x60 common/stdio.o
                0x00000000000a4554                stdio_register_dev
 .text.stdio_register
                0x00000000000a45b4        0x8 common/stdio.o
                0x00000000000a45b4                stdio_register
 .text.stdio_deregister_dev
                0x00000000000a45bc      0x104 common/stdio.o
                0x00000000000a45bc                stdio_deregister_dev
 .text.stdio_init_tables
                0x00000000000a46c0       0x1c common/stdio.o
                0x00000000000a46c0                stdio_init_tables
 .text.stdio_add_devices
                0x00000000000a46dc      0x128 common/stdio.o
                0x00000000000a46dc                stdio_add_devices
 .text.run_command
                0x00000000000a4804       0x14 common/cli.o
                0x00000000000a4804                run_command
 .text.run_command_list
                0x00000000000a4818       0x90 common/cli.o
                0x00000000000a4818                run_command_list