Archive member included to satisfy reference by file (symbol)

arch/arm/cpu/armv8/cpu.o      (--whole-archive)
arch/arm/cpu/armv8/generic_timer.o
                              (--whole-archive)
arch/arm/cpu/armv8/cache_v8.o
                              (--whole-archive)
arch/arm/cpu/armv8/cache.o    (--whole-archive)
arch/arm/cpu/armv8/exceptions.o
                              (--whole-archive)
arch/arm/cpu/armv8/exception_level.o
                              (--whole-archive)
arch/arm/cpu/armv8/tlb.o      (--whole-archive)
arch/arm/cpu/armv8/transition.o
                              (--whole-archive)
arch/arm/cpu/armv8/fwcall.o   (--whole-archive)
arch/arm/cpu/armv8/cpu-dt.o   (--whole-archive)
arch/arm/lib/crt0_64.o        (--whole-archive)
arch/arm/lib/setjmp_aarch64.o
                              (--whole-archive)
arch/arm/lib/relocate_64.o    (--whole-archive)
arch/arm/lib/bootm-fdt.o      (--whole-archive)
arch/arm/lib/bootm.o          (--whole-archive)
arch/arm/lib/image.o          (--whole-archive)
arch/arm/lib/zimage.o         (--whole-archive)
arch/arm/lib/bdinfo.o         (--whole-archive)
arch/arm/lib/sections.o       (--whole-archive)
arch/arm/lib/stack.o          (--whole-archive)
arch/arm/lib/interrupts_64.o  (--whole-archive)
arch/arm/lib/reset.o          (--whole-archive)
arch/arm/lib/cache.o          (--whole-archive)
arch/arm/lib/psci-dt.o        (--whole-archive)
board/ngxxfus/myrpi4cp/myrpi4cp.o
                              (--whole-archive)
board/ngxxfus/myrpi4cp/lowlevel_init.o
                              (--whole-archive)
boot/bootm.o                  (--whole-archive)
boot/bootm_os.o               (--whole-archive)
boot/pxe_utils.o              (--whole-archive)
boot/image.o                  (--whole-archive)
boot/image-board.o            (--whole-archive)
boot/bootdev-uclass.o         (--whole-archive)
boot/bootflow.o               (--whole-archive)
boot/bootmeth-uclass.o        (--whole-archive)
boot/bootstd-uclass.o         (--whole-archive)
boot/bootmeth_extlinux.o      (--whole-archive)
boot/bootmeth_pxe.o           (--whole-archive)
boot/bootmeth_efi.o           (--whole-archive)
boot/image-fdt.o              (--whole-archive)
cmd/boot.o                    (--whole-archive)
cmd/bootm.o                   (--whole-archive)
cmd/help.o                    (--whole-archive)
cmd/panic.o                   (--whole-archive)
cmd/version.o                 (--whole-archive)
cmd/blk_common.o              (--whole-archive)
cmd/bootflow.o                (--whole-archive)
cmd/source.o                  (--whole-archive)
cmd/bdinfo.o                  (--whole-archive)
cmd/blkcache.o                (--whole-archive)
cmd/bootefi.o                 (--whole-archive)
cmd/bootz.o                   (--whole-archive)
cmd/booti.o                   (--whole-archive)
cmd/cls.o                     (--whole-archive)
cmd/console.o                 (--whole-archive)
cmd/dm.o                      (--whole-archive)
cmd/echo.o                    (--whole-archive)
cmd/eficonfig.o               (--whole-archive)
cmd/elf.o                     (--whole-archive)
cmd/exit.o                    (--whole-archive)
cmd/ext4.o                    (--whole-archive)
cmd/ext2.o                    (--whole-archive)
cmd/fat.o                     (--whole-archive)
cmd/fdt.o                     (--whole-archive)
cmd/fs.o                      (--whole-archive)
cmd/gpio.o                    (--whole-archive)
cmd/itest.o                   (--whole-archive)
cmd/load.o                    (--whole-archive)
cmd/mem.o                     (--whole-archive)
cmd/mii.o                     (--whole-archive)
cmd/mdio.o                    (--whole-archive)
cmd/sleep.o                   (--whole-archive)
cmd/mmc.o                     (--whole-archive)
cmd/net.o                     (--whole-archive)
cmd/part.o                    (--whole-archive)
cmd/pci.o                     (--whole-archive)
cmd/pinmux.o                  (--whole-archive)
cmd/pxe.o                     (--whole-archive)
cmd/setexpr.o                 (--whole-archive)
cmd/sysboot.o                 (--whole-archive)
cmd/test.o                    (--whole-archive)
cmd/unlz4.o                   (--whole-archive)
cmd/unzip.o                   (--whole-archive)
cmd/lzmadec.o                 (--whole-archive)
cmd/usb.o                     (--whole-archive)
cmd/disk.o                    (--whole-archive)
cmd/video.o                   (--whole-archive)
cmd/fs_uuid.o                 (--whole-archive)
cmd/ximg.o                    (--whole-archive)
cmd/dfu.o                     (--whole-archive)
cmd/nvedit.o                  (--whole-archive)
common/init/board_init.o      (--whole-archive)
common/main.o                 (--whole-archive)
common/exports.o              (--whole-archive)
common/cli_hush.o             (--whole-archive)
common/autoboot.o             (--whole-archive)
common/board_f.o              (--whole-archive)
common/board_r.o              (--whole-archive)
common/fdt_simplefb.o         (--whole-archive)
common/fdt_support.o          (--whole-archive)
common/miiphyutil.o           (--whole-archive)
common/usb.o                  (--whole-archive)
common/usb_hub.o              (--whole-archive)
common/usb_storage.o          (--whole-archive)
common/iomux.o                (--whole-archive)
common/splash.o               (--whole-archive)
common/menu.o                 (--whole-archive)
common/usb_kbd.o              (--whole-archive)
common/cli_getch.o            (--whole-archive)
common/cli_readline.o         (--whole-archive)
common/cli_simple.o           (--whole-archive)
common/console.o              (--whole-archive)
common/dlmalloc.o             (--whole-archive)
common/malloc_simple.o        (--whole-archive)
common/event.o                (--whole-archive)
common/hash.o                 (--whole-archive)
common/memsize.o              (--whole-archive)
common/stdio.o                (--whole-archive)
common/cli.o                  (--whole-archive)
common/dfu.o                  (--whole-archive)
common/command.o              (--whole-archive)
common/s_record.o             (--whole-archive)
common/xyzModem.o             (--whole-archive)
disk/part.o                   (--whole-archive)
disk/disk-uclass.o            (--whole-archive)
disk/part_dos.o               (--whole-archive)
disk/part_iso.o               (--whole-archive)
disk/part_efi.o               (--whole-archive)
drivers/block/blk-uclass.o    (--whole-archive)
drivers/block/blkcache.o      (--whole-archive)
drivers/core/device.o         (--whole-archive)
drivers/core/fdtaddr.o        (--whole-archive)
drivers/core/lists.o          (--whole-archive)
drivers/core/root.o           (--whole-archive)
drivers/core/uclass.o         (--whole-archive)
drivers/core/util.o           (--whole-archive)
drivers/core/tag.o            (--whole-archive)
drivers/core/device-remove.o  (--whole-archive)
drivers/core/simple-bus.o     (--whole-archive)
drivers/core/dump.o           (--whole-archive)
drivers/core/of_extra.o       (--whole-archive)
drivers/core/ofnode.o         (--whole-archive)
drivers/core/read_extra.o     (--whole-archive)
drivers/dfu/dfu.o             (--whole-archive)
drivers/dfu/dfu_mmc.o         (--whole-archive)
drivers/gpio/gpio-uclass.o    (--whole-archive)
drivers/input/key_matrix.o    (--whole-archive)
drivers/input/input.o         (--whole-archive)
drivers/input/keyboard-uclass.o
                              (--whole-archive)
drivers/mmc/mmc.o             (--whole-archive)
drivers/mmc/mmc-uclass.o      (--whole-archive)
drivers/mmc/mmc_bootdev.o     (--whole-archive)
drivers/mmc/mmc_write.o       (--whole-archive)
drivers/mmc/sdhci.o           (--whole-archive)
drivers/mmc/nf2711_sdhci.o    (--whole-archive)
drivers/net/bcmgenet.o        (--whole-archive)
drivers/net/phy/phy.o         (--whole-archive)
drivers/pci/pci_rom.o         (--whole-archive)
drivers/pci/pci-uclass.o      (--whole-archive)
drivers/pci/pci_auto.o        (--whole-archive)
drivers/pci/pci_auto_common.o
                              (--whole-archive)
drivers/pci/pci_common.o      (--whole-archive)
drivers/pci/pcie_brcmstb.o    (--whole-archive)
drivers/pinctrl/pinctrl-uclass.o
                              (--whole-archive)
drivers/serial/serial-uclass.o
                              (--whole-archive)
drivers/serial/serial_pl01x.o
                              (--whole-archive)
drivers/sysinfo/sysinfo-uclass.o
                              (--whole-archive)
drivers/sysinfo/smbios.o      (--whole-archive)
drivers/crypto/fsl/sec.o      (--whole-archive)
drivers/video/backlight-uclass.o
                              (--whole-archive)
drivers/video/console_normal.o
                              (--whole-archive)
drivers/video/console_core.o  (--whole-archive)
drivers/video/video-uclass.o  (--whole-archive)
drivers/video/vidconsole-uclass.o
                              (--whole-archive)
drivers/video/video_bmp.o     (--whole-archive)
drivers/video/panel-uclass.o  (--whole-archive)
drivers/video/simple_panel.o  (--whole-archive)
drivers/video/u_boot_logo.o   (--whole-archive)
drivers/reset/reset-uclass.o  (--whole-archive)
drivers/reset/reset-ngxxfus.o
                              (--whole-archive)
drivers/rng/rng-uclass.o      (--whole-archive)
drivers/rng/iproc_rng200.o    (--whole-archive)
drivers/usb/common/common.o   (--whole-archive)
drivers/usb/gadget/epautoconf.o
                              (--whole-archive)
drivers/usb/gadget/config.o   (--whole-archive)
drivers/usb/gadget/usbstring.o
                              (--whole-archive)
drivers/usb/gadget/dwc2_udc_otg.o
                              (--whole-archive)
drivers/usb/gadget/g_dnl.o    (--whole-archive)
drivers/usb/gadget/f_dfu.o    (--whole-archive)
drivers/usb/gadget/udc/udc-core.o
                              (--whole-archive)
drivers/usb/gadget/udc/udc-uclass.o
                              (--whole-archive)
drivers/usb/host/usb-uclass.o
                              (--whole-archive)
drivers/usb/host/usb_bootdev.o
                              (--whole-archive)
drivers/usb/host/xhci.o       (--whole-archive)
drivers/usb/host/xhci-mem.o   (--whole-archive)
drivers/usb/host/xhci-ring.o  (--whole-archive)
drivers/usb/host/xhci-pci.o   (--whole-archive)
env/common.o                  (--whole-archive)
env/env.o                     (--whole-archive)
env/attr.o                    (--whole-archive)
env/flags.o                   (--whole-archive)
env/callback.o                (--whole-archive)
env/fat.o                     (--whole-archive)
fs/fs.o                       (--whole-archive)
fs/ext4/ext4fs.o              (--whole-archive)
fs/ext4/ext4_common.o         (--whole-archive)
fs/ext4/dev.o                 (--whole-archive)
fs/fat/fat_write.o            (--whole-archive)
fs/fs_internal.o              (--whole-archive)
lib/efi_driver/efi_uclass.o   (--whole-archive)
lib/efi_driver/efi_block_device.o
                              (--whole-archive)
lib/efi_loader/efi_bootmgr.o  (--whole-archive)
lib/efi_loader/efi_boottime.o
                              (--whole-archive)
lib/efi_loader/efi_helper.o   (--whole-archive)
lib/efi_loader/efi_console.o  (--whole-archive)
lib/efi_loader/efi_device_path.o
                              (--whole-archive)
lib/efi_loader/efi_device_path_to_text.o
                              (--whole-archive)
lib/efi_loader/efi_device_path_utilities.o
                              (--whole-archive)
lib/efi_loader/efi_dt_fixup.o
                              (--whole-archive)
lib/efi_loader/efi_file.o     (--whole-archive)
lib/efi_loader/efi_hii.o      (--whole-archive)
lib/efi_loader/efi_image_loader.o
                              (--whole-archive)
lib/efi_loader/efi_load_options.o
                              (--whole-archive)
lib/efi_loader/efi_memory.o   (--whole-archive)
lib/efi_loader/efi_root_node.o
                              (--whole-archive)
lib/efi_loader/efi_runtime.o  (--whole-archive)
lib/efi_loader/efi_setup.o    (--whole-archive)
lib/efi_loader/efi_string.o   (--whole-archive)
lib/efi_loader/efi_unicode_collation.o
                              (--whole-archive)
lib/efi_loader/efi_var_common.o
                              (--whole-archive)
lib/efi_loader/efi_var_mem.o  (--whole