arch/arm/cpu/armv8/cache_v8.c:370:13:count_range	80	static
arch/arm/cpu/armv8/cache_v8.c:253:13:create_table	32	static
arch/arm/cpu/armv8/cache_v8.c:311:13:map_range	96	static
arch/arm/cpu/armv8/cache_v8.c:61:5:get_tcr	0	static
arch/arm/cpu/armv8/cache_v8.c:622:12:set_one_region	80	static
arch/arm/cpu/armv8/cache_v8.c:414:12:get_page_table_size	32	static
arch/arm/cpu/armv8/cache_v8.c:446:6:setup_pgtables	80	static
arch/arm/cpu/armv8/cache_v8.c:465:13:setup_all_pgtables	32	static
arch/arm/cpu/armv8/cache_v8.c:487:13:mmu_setup	16	static
arch/arm/cpu/armv8/cache_v8.c:506:6:invalidate_dcache_all	16	static
arch/arm/cpu/armv8/cache_v8.c:521:13:flush_dcache_all	16	static
arch/arm/cpu/armv8/cache_v8.c:541:6:invalidate_dcache_range	0	static
arch/arm/cpu/armv8/cache_v8.c:549:6:flush_dcache_range	0	static
arch/arm/cpu/armv8/cache_v8.c:563:6:dcache_enable	16	static
arch/arm/cpu/armv8/cache_v8.c:579:6:dcache_disable	16	static
arch/arm/cpu/armv8/cache_v8.c:605:5:dcache_status	0	static
arch/arm/cpu/armv8/cache_v8.c:610:13:arch_get_page_table	16	static
arch/arm/cpu/armv8/cache_v8.c:658:6:mmu_set_region_dcache_behaviour	64	static
arch/arm/cpu/armv8/cache_v8.c:713:6:mmu_change_region_attr	64	static
arch/arm/cpu/armv8/cache_v8.c:812:6:icache_disable	0	static
arch/arm/cpu/armv8/cache_v8.c:817:5:icache_status	0	static
arch/arm/cpu/armv8/cache_v8.c:822:5:mmu_status	0	static
arch/arm/cpu/armv8/cache_v8.c:827:6:invalidate_icache_all	16	static
arch/arm/cpu/armv8/cache_v8.c:806:6:icache_enable	16	static
arch/arm/cpu/armv8/cache_v8.c:863:13:enable_caches	16	static
