boot/bootdev-uclass.c:872:12:bootdev_post_bind	16	static
boot/bootdev-uclass.c:253:12:bootdev_get_suffix_start	64	static
boot/bootdev-uclass.c:752:12:bootdev_hunt_drv	64	static
boot/bootdev-uclass.c:36:5:bootdev_add_bootflow	64	static
boot/bootdev-uclass.c:62:5:bootdev_first_bootflow	32	static
boot/bootdev-uclass.c:75:5:bootdev_next_bootflow	32	static
boot/bootdev-uclass.c:90:5:bootdev_bind	96	static
boot/bootdev-uclass.c:111:5:bootdev_find_in_blk	288	static
boot/bootdev-uclass.c:204:6:bootdev_list	112	static
boot/bootdev-uclass.c:230:5:bootdev_setup_for_dev	48	static
boot/bootdev-uclass.c:265:5:bootdev_setup_sibling_blk	112	static
boot/bootdev-uclass.c:299:5:bootdev_get_sibling_blk	112	static
boot/bootdev-uclass.c:350:5:bootdev_unbind_dev	32	static
boot/bootdev-uclass.c:418:5:bootdev_find_by_label	192	static
boot/bootdev-uclass.c:473:5:bootdev_find_by_any	80	static
boot/bootdev-uclass.c:554:5:bootdev_get_bootflow	64	static
boot/bootdev-uclass.c:567:6:bootdev_clear_bootflows	32	static
boot/bootdev-uclass.c:881:12:bootdev_pre_unbind	16	static
boot/bootdev-uclass.c:778:5:bootdev_hunt	96	static
boot/bootdev-uclass.c:516:5:bootdev_hunt_and_find_by_label	48	static
boot/bootdev-uclass.c:580:5:bootdev_next_label	64	static
boot/bootdev-uclass.c:816:5:bootdev_hunt_prio	64	static
boot/bootdev-uclass.c:618:5:bootdev_next_prio	48	static
boot/bootdev-uclass.c:682:5:bootdev_setup_iter	96	static
boot/bootdev-uclass.c:841:6:bootdev_list_hunters	112	static
