boot/image.c:233:5:image_check_hcrc	96	static
boot/image.c:248:5:image_check_dcrc	32	static
boot/image.c:270:7:image_multi_count	0	static
boot/image.c:303:6:image_multi_getimg	16	static
boot/image.c:428:5:image_decomp_type	32	static
boot/image.c:536:22:get_table_entry	0	static
boot/image.c:674:20:genimg_get_short_name	16	static
boot/image.c:567:13:genimg_get_cat_name	48	static
boot/image.c:587:13:genimg_get_cat_short_name	48	static
boot/image.c:597:5:genimg_get_cat_count	0	static
boot/image.c:602:13:genimg_get_cat_desc	0	static
boot/image.c:617:6:genimg_cat_has_id	16	static
boot/image.c:639:7:get_table_entry_name	16	static
boot/image.c:647:13:genimg_get_os_name	0	static
boot/image.c:652:13:genimg_get_arch_name	0	static
boot/image.c:658:13:genimg_get_type_name	0	static
boot/image.c:443:5:image_decomp	112	static
boot/image.c:663:13:genimg_get_comp_name	0	static
boot/image.c:363:6:image_print_contents	80	static
boot/image.c:669:13:genimg_get_phase_name	0	static
boot/image.c:682:13:genimg_get_type_short_name	0	static
boot/image.c:687:13:genimg_get_comp_short_name	0	static
boot/image.c:692:13:genimg_get_os_short_name	0	static
boot/image.c:697:13:genimg_get_arch_short_name	0	static
boot/image.c:716:5:get_table_entry_id	32	static
boot/image.c:730:5:genimg_get_os_id	0	static
boot/image.c:735:5:genimg_get_arch_id	0	static
boot/image.c:740:5:genimg_get_type_id	0	static
boot/image.c:745:5:genimg_get_comp_id	0	static
boot/image.c:750:5:genimg_get_phase_id	0	static
