boot/pxe_utils.c:987:13:eol_or_eof	0	static
boot/pxe_utils.c:280:13:label_print	0	static
boot/pxe_utils.c:100:12:get_relfile	624	static
boot/pxe_utils.c:208:12:get_relfile_envaddr	64	static
boot/pxe_utils.c:258:13:label_destroy	32	static
boot/pxe_utils.c:865:14:get_string.constprop.isra	64	static
boot/pxe_utils.c:937:13:get_token	64	static
boot/pxe_utils.c:1004:12:parse_sliteral	64	static
boot/pxe_utils.c:1024:12:parse_integer	64	static
boot/pxe_utils.c:38:5:pxe_get_file_size	32	static
boot/pxe_utils.c:67:5:format_mac_pxe	48	static
boot/pxe_utils.c:492:12:label_boot	2368	static
boot/pxe_utils.c:147:5:get_pxe_file	48	static
boot/pxe_utils.c:1053:12:handle_include	96	static
boot/pxe_utils.c:1316:12:parse_pxefile_top	176	static
boot/pxe_utils.c:175:5:get_pxelinux_path	592	static
boot/pxe_utils.c:1397:6:destroy_pxe_menu	48	static
boot/pxe_utils.c:1414:18:parse_pxefile	48	static
boot/pxe_utils.c:1524:6:handle_pxe_menu	128	static
boot/pxe_utils.c:1579:5:pxe_setup_ctx	80	static
boot/pxe_utils.c:1610:6:pxe_destroy_ctx	0	static
boot/pxe_utils.c:1615:5:pxe_process	48	static
