cmd/eficonfig.c:304:14:eficonfig_process_quit	0	static
cmd/eficonfig.c:487:21:eficonfig_volume_selected	0	static
cmd/eficonfig.c:1014:14:eficonfig_process_clear_file_selection	0	static
cmd/eficonfig.c:1649:21:eficonfig_process_boot_selected	0	static
cmd/eficonfig.c:184:6:eficonfig_print_entry	48	static
cmd/eficonfig.c:1897:13:eficonfig_print_change_boot_order_entry	48	static
cmd/eficonfig.c:209:6:eficonfig_display_statusline	48	static
cmd/eficonfig.c:731:12:sort_file	0	static
cmd/eficonfig.c:2313:21:delete_boot_option	96	static
cmd/eficonfig.c:2040:21:eficonfig_process_save_boot_order	96	static
cmd/eficonfig.c:920:21:handle_user_input	64	static
cmd/eficonfig.c:972:21:eficonfig_boot_add_optional_data	0	static
cmd/eficonfig.c:956:21:eficonfig_boot_add_enter_description	0	static
cmd/eficonfig.c:136:13:eficonfig_menu_adjust	0	static
cmd/eficonfig.c:231:7:eficonfig_choice_entry	64	static
cmd/eficonfig.c:1930:7:eficonfig_choice_change_boot_order	64	static
cmd/eficonfig.c:1419:13:fill_file_info.constprop	48	static
cmd/eficonfig.c:165:6:eficonfig_print_msg	32	static
cmd/eficonfig.c:543:21:eficonfig_file_selected	64	static
cmd/eficonfig.c:988:21:eficonfig_boot_edit_save	32	static
cmd/eficonfig.c:280:6:eficonfig_destroy	64	static
cmd/eficonfig.c:318:14:eficonfig_append_menu_entry	64	static
cmd/eficonfig.c:1692:21:eficonfig_add_boot_selection_entry	144	static
cmd/eficonfig.c:2103:21:eficonfig_add_change_boot_order_entry	160	static
cmd/eficonfig.c:1261:21:create_boot_option_entry	80	static
cmd/eficonfig.c:1291:21:prepare_file_selection_entry	80	static
cmd/eficonfig.c:348:14:eficonfig_append_quit_entry	32	static
cmd/eficonfig.c:371:7:eficonfig_create_fixed_menu	64	static
cmd/eficonfig.c:417:14:eficonfig_process_common	80	static
cmd/eficonfig.c:1038:14:eficonfig_process_show_file_option	32	static
cmd/eficonfig.c:1069:14:eficonfig_process_select_file	224	static
cmd/eficonfig.c:1760:21:eficonfig_show_boot_selection	128	static
cmd/eficonfig.c:2357:21:eficonfig_process_delete_boot_option	32	static
cmd/eficonfig.c:2252:21:eficonfig_process_change_boot_order	144	static
cmd/eficonfig.c:507:25:eficonfig_create_device_path	48	static
cmd/eficonfig.c:1457:21:eficonfig_edit_boot_option	208	static
cmd/eficonfig.c:1847:21:eficonfig_process_edit_boot_option	112	static
cmd/eficonfig.c:1145:14:eficonfig_get_unused_bootoption	96	static
cmd/eficonfig.c:1217:14:eficonfig_append_bootorder	96	static
cmd/eficonfig.c:1612:21:eficonfig_process_add_boot_option	64	static
cmd/eficonfig.c:2385:14:eficonfig_enumerate_boot_option	208	static
cmd/eficonfig.c:2448:14:eficonfig_delete_invalid_boot_option	224	static
cmd/eficonfig.c:2556:14:eficonfig_generate_media_device_boot_option	128	static
cmd/eficonfig.c:2692:12:do_eficonfig	96	static
