include/log.h:667:19:log_init	0	static
common/board_f.c:122:12:display_text_info	0	static
common/board_f.c:289:12:setup_mon_len	0	static
common/board_f.c:401:12:reserve_round_4k	0	static
common/board_f.c:442:12:reserve_uboot	0	static
common/board_f.c:499:12:reserve_malloc	0	static
common/board_f.c:819:12:checkcpu	0	static
common/board_f.c:264:12:dram_init_banksize	32	static
common/board_f.c:692:12:setup_reloc	16	static
common/board_f.c:633:12:reloc_fdt	16	static
common/board_f.c:412:12:reserve_video	32	static
common/board_f.c:201:12:announce_dram_init	16	static
common/board_f.c:829:12:misc_init_f	0	static
common/board_f.c:116:12:init_baud_rate	16	static
common/board_f.c:792:12:initf_dm	0	static
include/cyclic.h:121:19:cyclic_unregister_all	0	static
common/board_f.c:311:12:setup_spl_handoff	0	static
common/board_f.c:322:12:arch_cpu_init	0	static
common/board_f.c:327:12:mach_cpu_init	0	static
common/board_f.c:407:12:arch_reserve_mmu	0	static
common/board_f.c:430:12:reserve_trace	0	static
common/board_f.c:555:12:reserve_bootstage	0	static
common/board_f.c:586:12:reserve_bloblist	0	static
common/board_f.c:599:12:display_new_sp	0	static
common/board_f.c:648:12:reloc_bootstage	0	static
common/board_f.c:667:12:reloc_bloblist	0	static
common/board_f.c:767:12:initf_bootstage	0	static
common/board_f.c:814:12:reserve_arch	0	static
common/board_f.c:824:12:clear_bss	0	static
common/board_f.c:512:12:reserve_board	16	static
common/board_f.c:534:12:reserve_fdt	0	static
common/board_f.c:525:12:reserve_global_data	0	static
common/board_f.c:66:13:coloured_LED_init	0	static
common/board_f.c:67:13:red_led_on	0	static
common/board_f.c:68:13:red_led_off	0	static
common/board_f.c:69:13:green_led_on	0	static
common/board_f.c:70:13:green_led_off	0	static
common/board_f.c:71:13:yellow_led_on	0	static
common/board_f.c:72:13:yellow_led_off	0	static
common/board_f.c:73:13:blue_led_on	0	static
common/board_f.c:74:13:blue_led_off	0	static
common/board_f.c:111:13:board_add_ram_info	0	static
common/board_f.c:237:12:show_dram_config	32	static
common/board_f.c:333:20:board_get_usable_ram_top	0	static
common/board_f.c:350:12:arch_setup_dest_addr	0	static
common/board_f.c:355:12:setup_dest_addr	32	static
common/board_f.c:569:12:arch_reserve_stacks	0	static
common/board_f.c:574:12:reserve_stacks	0	static
common/board_f.c:606:12:arch_setup_bdinfo	0	static
common/board_f.c:611:5:setup_bdinfo	0	static
common/board_f.c:979:6:board_init_f	48	static
