drivers/serial/serial-uclass.c:184:13:_serial_putc	48	static
drivers/serial/serial-uclass.c:238:13:_serial_flush	32	static
drivers/serial/serial-uclass.c:249:12:__serial_getc	32	static
drivers/serial/serial-uclass.c:263:12:__serial_tstc	0	static
drivers/serial/serial-uclass.c:409:13:serial_stub_putc	0	static
drivers/serial/serial-uclass.c:414:13:serial_stub_puts	32	static
drivers/serial/serial-uclass.c:420:13:serial_stub_flush	0	static
drivers/serial/serial-uclass.c:426:12:serial_stub_getc	0	static
drivers/serial/serial-uclass.c:431:12:serial_stub_tstc	0	static
drivers/serial/serial-uclass.c:563:12:serial_pre_remove	16	static
drivers/serial/serial-uclass.c:501:12:serial_post_probe	176	static
drivers/serial/serial-uclass.c:314:6:serial_putc	0	static
drivers/serial/serial-uclass.c:320:6:serial_puts	32	static
drivers/serial/serial-uclass.c:327:6:serial_flush	0	static
drivers/serial/serial-uclass.c:336:5:serial_getc	0	static
drivers/serial/serial-uclass.c:344:5:serial_tstc	0	static
drivers/serial/serial-uclass.c:352:6:serial_setbrg	0	static
drivers/serial/serial-uclass.c:158:5:serial_init	48	static
drivers/serial/serial-uclass.c:170:5:serial_initialize	0	static
drivers/serial/serial-uclass.c:443:12:on_baudrate	48	static
drivers/serial/serial-uclass.c:364:5:serial_getconfig	0	static
drivers/serial/serial-uclass.c:375:5:serial_setconfig	0	static
drivers/serial/serial-uclass.c:386:5:serial_getinfo	0	static
drivers/serial/serial-uclass.c:402:6:serial_stdio_init	0	static
