drivers/usb/host/usb-uclass.c:735:12:usb_child_post_bind	32	static
drivers/usb/host/usb-uclass.c:467:12:usb_match_one_id	0	static
drivers/usb/host/usb-uclass.c:238:13:remove_inactive_children.isra	48	static
drivers/usb/host/usb-uclass.c:27:5:usb_lock_async	0	static
drivers/usb/host/usb-uclass.c:38:5:usb_disable_asynch	0	static
drivers/usb/host/usb-uclass.c:46:5:submit_int_msg	0	static
drivers/usb/host/usb-uclass.c:59:5:submit_control_msg	80	static
drivers/usb/host/usb-uclass.c:82:5:submit_bulk_msg	0	static
drivers/usb/host/usb-uclass.c:94:19:create_int_queue	0	static
drivers/usb/host/usb-uclass.c:108:7:poll_int_queue	0	static
drivers/usb/host/usb-uclass.c:119:5:destroy_int_queue	0	static
drivers/usb/host/usb-uclass.c:130:5:usb_alloc_device	0	static
drivers/usb/host/usb-uclass.c:142:5:usb_reset_root_port	0	static
drivers/usb/host/usb-uclass.c:153:5:usb_update_hub_device	0	static
drivers/usb/host/usb-uclass.c:164:5:usb_get_max_xfer_size	0	static
drivers/usb/host/usb-uclass.c:175:5:usb_stop	64	static
drivers/usb/host/usb-uclass.c:352:5:usb_setup_ehci_gadget	48	static
drivers/usb/host/usb-uclass.c:376:5:usb_remove_ehci_gadget	48	static
drivers/usb/host/usb-uclass.c:695:5:usb_detect_change	64	static
drivers/usb/host/usb-uclass.c:758:17:usb_get_bus	32	static
drivers/usb/host/usb-uclass.c:605:5:usb_scan_device	2656	static
drivers/usb/host/usb-uclass.c:217:13:usb_scan_bus.constprop	48	static
drivers/usb/host/usb-uclass.c:252:5:usb_init	80	static
drivers/usb/host/usb-uclass.c:773:5:usb_child_pre_probe	48	static
