drivers/usb/host/xhci-mem.c:82:13:xhci_ring_free.isra	48	static
drivers/usb/host/xhci-mem.c:37:6:xhci_flush_cache	16	static
drivers/usb/host/xhci-mem.c:207:14:xhci_malloc	32	static
drivers/usb/host/xhci-mem.c:289:29:xhci_segment_alloc	32	static
drivers/usb/host/xhci-mem.c:442:4:xhci_alloc_container_ctx	48	static
drivers/usb/host/xhci-mem.c:52:6:xhci_inval_cache	16	static
drivers/usb/host/xhci-mem.c:186:6:xhci_cleanup	64	static
drivers/usb/host/xhci-mem.c:319:19:xhci_ring_alloc	64	static
drivers/usb/host/xhci-mem.c:468:5:xhci_alloc_virt_device	48	static
drivers/usb/host/xhci-mem.c:527:5:xhci_mem_init	64	static
drivers/usb/host/xhci-mem.c:639:4:xhci_get_input_control_ctx	16	static
drivers/usb/host/xhci-mem.c:652:23:xhci_get_slot_ctx	0	static
drivers/usb/host/xhci-mem.c:670:21:xhci_get_ep_ctx	0	static
drivers/usb/host/xhci-mem.c:695:6:xhci_endpoint_copy	16	static
drivers/usb/host/xhci-mem.c:724:6:xhci_slot_copy	16	static
drivers/usb/host/xhci-mem.c:745:6:xhci_setup_addressable_virt_dev	96	static
