drivers/net/phy/phy.c:449:5:genphy_shutdown	0	static
drivers/net/phy/phy.c:497:5:phy_set_supported	0	static
drivers/net/phy/phy.c:562:20:phy_device_create	64	static
drivers/net/phy/phy.c:615:12:get_phy_id	48	static
drivers/net/phy/phy.c:686:27:get_phy_device_by_mask	128	static
drivers/net/phy/phy.c:802:20:phy_find_by_mask	32	static
drivers/net/phy/phy.c:938:5:phy_startup	0	static
drivers/net/phy/phy.c:946:12:board_phy_config	0	static
drivers/net/phy/phy.c:953:5:phy_config	0	static
drivers/net/phy/phy.c:959:5:phy_shutdown	16	static
drivers/net/phy/phy.c:994:5:phy_read	0	static
drivers/net/phy/phy.c:225:5:genphy_update_link	64	static
drivers/net/phy/phy.c:294:5:genphy_parse_link	48	static
drivers/net/phy/phy.c:438:5:genphy_startup	32	static
drivers/net/phy/phy.c:1014:5:phy_write	0	static
drivers/net/phy/phy.c:154:5:genphy_restart_aneg	32	static
drivers/net/phy/phy.c:181:5:genphy_config_aneg	48	static
drivers/net/phy/phy.c:387:5:genphy_config	32	static
drivers/net/phy/phy.c:741:5:phy_reset	48	static
drivers/net/phy/phy.c:792:5:miiphy_reset	32	static
drivers/net/phy/phy.c:815:6:phy_connect_dev	48	static
drivers/net/phy/phy.c:899:20:phy_connect	64	static
drivers/net/phy/phy.c:975:5:phy_modify	64	static
drivers/net/phy/phy.c:1033:6:phy_mmd_start_indirect	48	static
drivers/net/phy/phy.c:1054:5:phy_read_mmd	32	static
drivers/net/phy/phy.c:1086:5:phy_write_mmd	32	static
drivers/net/phy/phy.c:1118:5:phy_set_bits_mmd	48	static
drivers/net/phy/phy.c:1144:5:phy_clear_bits_mmd	48	static
drivers/net/phy/phy.c:1175:5:phy_modify_mmd_changed	64	static
drivers/net/phy/phy.c:1205:5:phy_modify_mmd	16	static
drivers/net/phy/phy.c:1215:6:phy_interface_is_ncsi	0	static
