drivers/block/blk-uclass.c:581:12:blk_flags_check	32	static
drivers/block/blk-uclass.c:189:12:get_desc	80	static
drivers/block/blk-uclass.c:374:12:_blk_next_device	48	static
drivers/block/blk-uclass.c:769:12:blk_post_probe	32	static
drivers/block/blk-uclass.c:75:13:blk_get_uclass_name	0	static
drivers/block/blk-uclass.c:106:18:blk_get_devnum_by_uclass_idname	80	static
drivers/block/blk-uclass.c:163:18:blk_get_by_device	32	static
drivers/block/blk-uclass.c:234:5:blk_list_part	64	static
drivers/block/blk-uclass.c:259:5:blk_print_part_devnum	48	static
drivers/block/blk-uclass.c:274:6:blk_list_devices	64	static
drivers/block/blk-uclass.c:293:5:blk_print_device_num	48	static
drivers/block/blk-uclass.c:307:5:blk_show_device	48	static
drivers/block/blk-uclass.c:357:5:blk_select_hwpart	0	static
drivers/block/blk-uclass.c:369:5:blk_dselect_hwpart	0	static
drivers/block/blk-uclass.c:394:5:blk_first_device	32	static
drivers/block/blk-uclass.c:401:5:blk_next_device	32	static
drivers/block/blk-uclass.c:413:5:blk_find_device	80	static
drivers/block/blk-uclass.c:436:5:blk_get_device	32	static
drivers/block/blk-uclass.c:87:18:blk_get_devnum_by_uclass_id	32	static
drivers/block/blk-uclass.c:222:5:blk_select_hwpart_devnum	48	static
drivers/block/blk-uclass.c:447:6:blk_read	64	static
drivers/block/blk-uclass.c:467:6:blk_write	64	static
drivers/block/blk-uclass.c:481:6:blk_erase	48	static
drivers/block/blk-uclass.c:494:7:blk_dread	0	static
drivers/block/blk-uclass.c:328:7:blk_read_devnum	64	static
drivers/block/blk-uclass.c:500:7:blk_dwrite	0	static
drivers/block/blk-uclass.c:345:7:blk_write_devnum	64	static
drivers/block/blk-uclass.c:506:7:blk_derase	0	static
drivers/block/blk-uclass.c:511:5:blk_find_from_parent	48	static
drivers/block/blk-uclass.c:525:5:blk_get_from_parent	48	static
drivers/block/blk-uclass.c:541:13:blk_get_devtype	16	static
drivers/block/blk-uclass.c:548:5:blk_find_max_devnum	64	static
drivers/block/blk-uclass.c:568:5:blk_next_free_devnum	16	static
drivers/block/blk-uclass.c:591:5:blk_find_first	32	static
drivers/block/blk-uclass.c:603:5:blk_find_next	32	static
drivers/block/blk-uclass.c:615:5:blk_first_device_err	32	static
drivers/block/blk-uclass.c:627:5:blk_next_device_err	32	static
drivers/block/blk-uclass.c:639:5:blk_count_devices	48	static
drivers/block/blk-uclass.c:675:5:blk_create_device	128	static
drivers/block/blk-uclass.c:708:5:blk_create_devicef	112	static
drivers/block/blk-uclass.c:731:5:blk_probe_or_unbind	32	static
drivers/block/blk-uclass.c:744:5:blk_unbind_all	64	static
