net/net.c:384:13:net_clear_handlers	0	static
net/net.c:768:13:start_again_timeout_handler	0	static
net/net.c:832:13:dummy_handler	0	static
net/net.c:218:12:on_ipaddr	16	static
net/net.c:230:12:on_gatewayip	16	static
net/net.c:242:12:on_netmask	16	static
net/net.c:254:12:on_serverip	16	static
net/net.c:352:12:net_init_loop	16	static
net/net.c:396:5:net_init	32	static
net/net.c:773:5:net_start_again	32	static
net/net.c:838:11:net_get_udp_handler	0	static
net/net.c:843:6:net_set_udp_handler	0	static
net/net.c:852:11:net_get_arp_handler	0	static
net/net.c:857:6:net_set_arp_handler	0	static
net/net.c:873:6:net_set_timeout_handler	32	static
net/net.c:888:8:net_get_async_tx_pkt_buf	16	static
net/net.c:1191:6:net_process_received_packet	64	static
net/net.c:1579:1:net_eth_hdr_size	0	static
net/net.c:1591:5:net_set_ether	48	static
net/net.c:1616:5:net_update_ether	32	static
net/net.c:1639:6:net_set_ip_header	48	static
net/net.c:1664:6:net_set_udp_header	48	static
net/net.c:913:5:net_send_ip_packet	96	static
net/net.c:896:5:net_send_udp_packet	32	static
net/net.c:1686:6:copy_filename	0	static
net/net.c:1698:5:is_serverip_in_cmd	16	static
net/net.c:1467:12:net_check_prereq	16	static
net/net.c:308:6:net_auto_load	32	static
net/net.c:430:5:net_loop	96	static
net/net.c:1703:5:net_parse_bootfile	64	static
net/net.c:1728:6:ip_to_string	0	static
net/net.c:1739:6:vlan_to_string	0	static
net/net.c:1752:8:string_to_vlan	16	static
net/net.c:266:12:on_nvlan	16	static
net/net.c:278:12:on_vlan	16	static
net/net.c:1767:8:env_get_vlan	16	static
