drivers/core/device.c:879:24:_device_find_global_by_ofnode	48	static
drivers/core/device.c:301:14:alloc_priv	32	static
drivers/core/device.c:280:5:device_reparent	0	static
drivers/core/device.c:617:7:dev_get_plat	32	static
drivers/core/device.c:627:7:dev_get_parent_plat	32	static
drivers/core/device.c:637:7:dev_get_uclass_plat	32	static
drivers/core/device.c:39:12:device_bind_common.constprop	112	static
drivers/core/device.c:256:5:device_bind_by_name	48	static
drivers/core/device.c:248:5:device_bind	0	static
drivers/core/device.c:239:5:device_bind_with_driver_data	0	static
drivers/core/device.c:647:7:dev_get_priv	32	static
drivers/core/device.c:658:15:dev_get_uclass_priv	32	static
drivers/core/device.c:668:7:dev_get_parent_priv	32	static
drivers/core/device.c:388:5:device_of_to_plat	48	static
drivers/core/device.c:480:5:device_probe	80	static
drivers/core/device.c:678:7:dev_get_attach_ptr	0	static
drivers/core/device.c:698:5:dev_get_attach_size	0	static
drivers/core/device.c:787:5:device_get_child	32	static
drivers/core/device.c:800:5:device_get_child_count	0	static
drivers/core/device.c:811:5:device_get_decendent_count	48	static
drivers/core/device.c:822:5:device_find_child_by_seq	0	static
drivers/core/device.c:839:5:device_get_child_by_seq	48	static
drivers/core/device.c:851:5:device_find_child_by_of_offset	0	static
drivers/core/device.c:868:5:device_get_child_by_of_offset	48	static
drivers/core/device.c:896:5:device_find_global_by_ofnode	16	static
drivers/core/device.c:903:5:device_get_global_by_ofnode	32	static
drivers/core/device.c:931:5:device_find_first_child	0	static
drivers/core/device.c:943:5:device_find_next_child	0	static
drivers/core/device.c:958:5:device_find_first_inactive_child	0	static
drivers/core/device.c:976:5:device_find_first_child_by_uclass	0	static
drivers/core/device.c:993:5:device_find_child_by_namelen	64	static
drivers/core/device.c:1011:5:device_find_child_by_name	48	static
drivers/core/device.c:1017:5:device_first_child_err	48	static
drivers/core/device.c:1028:5:device_next_child_err	48	static
drivers/core/device.c:1039:5:device_first_child_ofdata_err	48	static
drivers/core/device.c:1057:5:device_next_child_ofdata_err	48	static
drivers/core/device.c:1075:17:dev_get_parent	0	static
drivers/core/device.c:1080:7:dev_get_driver_data	0	static
drivers/core/device.c:1085:13:dev_get_driver_ops	0	static
drivers/core/device.c:1093:16:device_get_uclass_id	0	static
drivers/core/device.c:1098:13:dev_get_uclass_name	0	static
drivers/core/device.c:1106:6:device_has_children	0	static
drivers/core/device.c:1111:6:device_has_active_children	32	static
drivers/core/device.c:1125:6:device_is_last_sibling	0	static
drivers/core/device.c:1134:6:device_set_name_alloced	0	static
drivers/core/device.c:1139:5:device_set_name	32	static
drivers/core/device.c:1150:6:dev_set_priv	0	static
drivers/core/device.c:1155:6:dev_set_parent_priv	0	static
drivers/core/device.c:1160:6:dev_set_uclass_priv	0	static
drivers/core/device.c:1165:6:dev_set_plat	0	static
drivers/core/device.c:1170:6:dev_set_parent_plat	0	static
drivers/core/device.c:1175:6:dev_set_uclass_plat	0	static
drivers/core/device.c:1181:6:device_is_compatible	16	static
drivers/core/device.c:1186:6:of_machine_is_compatible	16	static
drivers/core/device.c:1191:5:dev_disable_by_path	16	static
drivers/core/device.c:1221:5:dev_enable_by_path	16	static
